Archive member included to satisfy reference by file (symbol)

C:/ti/simplelink_msp432p4_sdk_3_40_01_02/source\ti/display/lib/display.am4fg(Display.om4fg)
                              ./micro_speech/micro_speech.o (symbol from plugin) (Display_doOpen)
C:/ti/simplelink_msp432p4_sdk_3_40_01_02/source\ti/display/lib/display.am4fg(DisplayUart.om4fg)
                              ./syscfg/ti_drivers_config.o (symbol from plugin) (DisplayUartMin_fxnTable)
C:/ti/simplelink_msp432p4_sdk_3_40_01_02/source\ti/drivers/lib/drivers_msp432p401x.am4fg(LED.om4fg)
                              ./micro_speech/micro_speech.o (symbol from plugin) (LED_init)
C:/ti/simplelink_msp432p4_sdk_3_40_01_02/source\ti/drivers/lib/drivers_msp432p401x.am4fg(ADCBuf.om4fg)
                              ./micro_speech/micro_speech.o (symbol from plugin) (ADCBuf_init)
C:/ti/simplelink_msp432p4_sdk_3_40_01_02/source\ti/drivers/lib/drivers_msp432p401x.am4fg(ADCBufMSP432.om4fg)
                              ./syscfg/ti_drivers_config.o (symbol from plugin) (ADCBufMSP432_fxnTable)
C:/ti/simplelink_msp432p4_sdk_3_40_01_02/source\ti/drivers/lib/drivers_msp432p401x.am4fg(UDMAMSP432.om4fg)
                              C:/ti/simplelink_msp432p4_sdk_3_40_01_02/source\ti/drivers/lib/drivers_msp432p401x.am4fg(ADCBufMSP432.om4fg) (UDMAMSP432_close)
C:/ti/simplelink_msp432p4_sdk_3_40_01_02/source\ti/drivers/lib/drivers_msp432p401x.am4fg(GPIOMSP432.om4fg)
                              ./micro_speech/micro_speech.o (symbol from plugin) (GPIO_setConfig)
C:/ti/simplelink_msp432p4_sdk_3_40_01_02/source\ti/drivers/lib/drivers_msp432p401x.am4fg(PowerMSP432.om4fg)
                              C:/ti/simplelink_msp432p4_sdk_3_40_01_02/source\ti/drivers/lib/drivers_msp432p401x.am4fg(ADCBufMSP432.om4fg) (Power_getPerformanceLevel)
C:/ti/simplelink_msp432p4_sdk_3_40_01_02/source\ti/drivers/lib/drivers_msp432p401x.am4fg(PWM.om4fg)
                              C:/ti/simplelink_msp432p4_sdk_3_40_01_02/source\ti/drivers/lib/drivers_msp432p401x.am4fg(LED.om4fg) (PWM_close)
C:/ti/simplelink_msp432p4_sdk_3_40_01_02/source\ti/drivers/lib/drivers_msp432p401x.am4fg(TimerMSP432.om4fg)
                              C:/ti/simplelink_msp432p4_sdk_3_40_01_02/source\ti/drivers/lib/drivers_msp432p401x.am4fg(ADCBufMSP432.om4fg) (TimerMSP432_allocateTimerResource)
C:/ti/simplelink_msp432p4_sdk_3_40_01_02/source\ti/drivers/lib/drivers_msp432p401x.am4fg(UART.om4fg)
                              C:/ti/simplelink_msp432p4_sdk_3_40_01_02/source\ti/display/lib/display.am4fg(DisplayUart.om4fg) (UART_close)
C:/ti/simplelink_msp432p4_sdk_3_40_01_02/source\ti/drivers/lib/drivers_msp432p401x.am4fg(UARTMSP432.om4fg)
                              ./syscfg/ti_drivers_config.o (symbol from plugin) (UARTMSP432_fxnTable)
C:/ti/simplelink_msp432p4_sdk_3_40_01_02/source\ti/drivers/lib/drivers_msp432p401x.am4fg(List.om4fg)
                              C:/ti/simplelink_msp432p4_sdk_3_40_01_02/source\ti/drivers/lib/drivers_msp432p401x.am4fg(PowerMSP432.om4fg) (List_put)
C:/ti/simplelink_msp432p4_sdk_3_40_01_02/source\ti/drivers/lib/drivers_msp432p401x.am4fg(RingBuf.om4fg)
                              C:/ti/simplelink_msp432p4_sdk_3_40_01_02/source\ti/drivers/lib/drivers_msp432p401x.am4fg(UARTMSP432.om4fg) (RingBuf_construct)
C:/ti/simplelink_msp432p4_sdk_3_40_01_02/kernel/nortos\lib/nortos_msp432p401x.am4fg(NoRTOS.om4fg)
                              ./micro_speech/main_nortos.o (symbol from plugin) (NoRTOS_start)
C:/ti/simplelink_msp432p4_sdk_3_40_01_02/kernel/nortos\lib/nortos_msp432p401x.am4fg(SemaphoreP_nortos.om4fg)
                              C:/ti/simplelink_msp432p4_sdk_3_40_01_02/source\ti/drivers/lib/drivers_msp432p401x.am4fg(TimerMSP432.om4fg) (SemaphoreP_create)
C:/ti/simplelink_msp432p4_sdk_3_40_01_02/kernel/nortos\lib/nortos_msp432p401x.am4fg(SystemP_nortos.om4fg)
                              C:/ti/simplelink_msp432p4_sdk_3_40_01_02/source\ti/display/lib/display.am4fg(DisplayUart.om4fg) (SystemP_snprintf)
C:/ti/simplelink_msp432p4_sdk_3_40_01_02/kernel/nortos\lib/nortos_msp432p401x.am4fg(PowerMSP432_nortos.om4fg)
                              ./syscfg/ti_drivers_config.o (symbol from plugin) (PowerMSP432_sleepPolicy)
C:/ti/simplelink_msp432p4_sdk_3_40_01_02/kernel/nortos\lib/nortos_msp432p401x.am4fg(ClockPTimer_nortos.om4fg)
                              C:/ti/simplelink_msp432p4_sdk_3_40_01_02/source\ti/drivers/lib/drivers_msp432p401x.am4fg(LED.om4fg) (ClockP_Params_init)
C:/ti/simplelink_msp432p4_sdk_3_40_01_02/kernel/nortos\lib/nortos_msp432p401x.am4fg(TimerPMSP432_nortos.om4fg)
                              C:/ti/simplelink_msp432p4_sdk_3_40_01_02/kernel/nortos\lib/nortos_msp432p401x.am4fg(ClockPTimer_nortos.om4fg) (TimerP_Params_init)
C:/ti/simplelink_msp432p4_sdk_3_40_01_02/kernel/nortos\lib/nortos_msp432p401x.am4fg(HwiPMSP432_nortos.om4fg)
[...]
Memory Configuration

Name             Origin             Length             Attributes
MAIN_FLASH       0x00000000         0x00040000         xr
INFO_FLASH       0x00200000         0x00004000         xr
SRAM_DATA        0x20000000         0x00010000         rw
*default*        0x00000000         0xffffffff

Linker script and memory map

LOAD C:\Users\cesar\AppData\Local\Temp\micro_speech_MSP_EXP432P401R_nortos_gcc.out.3LU9Mx.ltrans0.ltrans.o
LOAD C:\Users\cesar\AppData\Local\Temp\micro_speech_MSP_EXP432P401R_nortos_gcc.out.3LU9Mx.ltrans1.ltrans.o
LOAD C:\Users\cesar\AppData\Local\Temp\cctUC45I.debug.temp.o
LOAD C:\Users\cesar\AppData\Local\Temp\ccoFxrvA.debug.temp.o
LOAD C:\Users\cesar\AppData\Local\Temp\ccXkB5Pr.debug.temp.o
LOAD C:\Users\cesar\AppData\Local\Temp\ccw0EJaj.debug.temp.o
LOAD C:\Users\cesar\AppData\Local\Temp\ccTXsPIa.debug.temp.o
LOAD C:\Users\cesar\AppData\Local\Temp\ccOi2Vp2.debug.temp.o
LOAD C:\Users\cesar\AppData\Local\Temp\ccJDB26T.debug.temp.o
LOAD C:\Users\cesar\AppData\Local\Temp\ccm1aYNL.debug.temp.o
LOAD C:\Users\cesar\AppData\Local\Temp\ccZoKTuD.debug.temp.o
LOAD C:\Users\cesar\AppData\Local\Temp\ccq43gpv.debug.temp.o
LOAD C:\Users\cesar\AppData\Local\Temp\ccRJnEjn.debug.temp.o
LOAD C:\Users\cesar\AppData\Local\Temp\ccI6Q65e.debug.temp.o
LOAD C:\Users\cesar\AppData\Local\Temp\ccRsLlV5.debug.temp.o
LOAD C:\Users\cesar\AppData\Local\Temp\cc0OFAKW.debug.temp.o
LOAD C:\Users\cesar\AppData\Local\Temp\ccZpqpvN.debug.temp.o
LOAD C:\Users\cesar\AppData\Local\Temp\ccY0aegE.debug.temp.o
LOAD C:\Users\cesar\AppData\Local\Temp\ccFKQtev.debug.temp.o
LOAD C:\Users\cesar\AppData\Local\Temp\ccmuwJcm.debug.temp.o
LOAD C:\Users\cesar\AppData\Local\Temp\ccH8kg6c.debug.temp.o
LOAD C:\Users\cesar\AppData\Local\Temp\ccS7afd4.debug.temp.o
LOAD C:\Users\cesar\AppData\Local\Temp\cc360dkV.debug.temp.o
LOAD C:\Users\cesar\AppData\Local\Temp\ccMtCdAM.debug.temp.o
LOAD C:\Users\cesar\AppData\Local\Temp\ccbODuLD.debug.temp.o
LOAD C:\Users\cesar\AppData\Local\Temp\ccUcG53t.debug.temp.o
LOAD C:\Users\cesar\AppData\Local\Temp\ccDBIGmk.debug.temp.o
LOAD C:\Users\cesar\AppData\Local\Temp\cc65LQAa.debug.temp.o
LOAD C:\Users\cesar\AppData\Local\Temp\cczAP0O0.debug.temp.o
LOAD C:\Users\cesar\AppData\Local\Temp\ccQmDCgR.debug.temp.o
LOAD C:\Users\cesar\AppData\Local\Temp\ccN6QvDH.debug.temp.o
LOAD C:\Users\cesar\AppData\Local\Temp\ccKQ4o0x.debug.temp.o
LOAD C:\Users\cesar\AppData\Local\Temp\ccvS2JAo.debug.temp.o
LOAD C:\Users\cesar\AppData\Local\Temp\ccgU04af.debug.temp.o
LOAD C:\Users\cesar\AppData\Local\Temp\ccN4gZG5.debug.temp.o
LOAD C:\Users\cesar\AppData\Local\Temp\cc8whlqW.debug.temp.o
LOAD C:\Users\cesar\AppData\Local\Temp\cctZhH9M.debug.temp.o
LOAD C:\Users\cesar\AppData\Local\Temp\ccsmrkOD.debug.temp.o
LOAD C:\Users\cesar\AppData\Local\Temp\ccrJAXsu.debug.temp.o
LOAD C:\Users\cesar\AppData\Local\Temp\ccK8rnak.debug.temp.o
LOAD C:\Users\cesar\AppData\Local\Temp\ccLA3lN9.debug.temp.o
LOAD C:\Users\cesar\AppData\Local\Temp\ccM2EkqZ.debug.temp.o
LOAD C:\Users\cesar\AppData\Local\Temp\ccBM0KgP.debug.temp.o
LOAD C:\Users\cesar\AppData\Local\Temp\ccqwmb7E.debug.temp.o
LOAD C:\Users\cesar\AppData\Local\Temp\ccVd8SSu.debug.temp.o
LOAD C:\Users\cesar\AppData\Local\Temp\ccedE2Rk.debug.temp.o
LOAD C:\Users\cesar\AppData\Local\Temp\ccxcacRa.debug.temp.o
LOAD C:\Users\cesar\AppData\Local\Temp\ccqCImZ0.debug.temp.o
LOAD C:\Users\cesar\AppData\Local\Temp\ccj2gx7Q.debug.temp.o
LOAD C:\Users\cesar\AppData\Local\Temp\ccSpfZaH.debug.temp.o
LOAD C:\Users\cesar\AppData\Local\Temp\ccNYTSXA.debug.temp.o
LOAD C:\Users\cesar\AppData\Local\Temp\cceS2MTu.debug.temp.o
LOAD C:\Users\cesar\AppData\Local\Temp\ccnMSYKo.debug.temp.o
LOAD C:\Users\cesar\AppData\Local\Temp\cc20cbLi.debug.temp.o
LOAD C:\Users\cesar\AppData\Local\Temp\ccHfxnLc.debug.temp.o
LOAD C:\Users\cesar\AppData\Local\Temp\ccWU9QY6.debug.temp.o
LOAD C:\Users\cesar\AppData\Local\Temp\ccPw6W5Z.debug.temp.o
LOAD C:\Users\cesar\AppData\Local\Temp\ccwqNuqT.debug.temp.o
LOAD C:\Users\cesar\AppData\Local\Temp\ccdku2KM.debug.temp.o
LOAD C:\Users\cesar\AppData\Local\Temp\ccy8jR0F.debug.temp.o
LOAD C:\Users\cesar\AppData\Local\Temp\ccLmvpuz.debug.temp.o
LOAD C:\Users\cesar\AppData\Local\Temp\ccEy6eTs.debug.temp.o
LOAD C:\Users\cesar\AppData\Local\Temp\ccxKH4hm.debug.temp.o
LOAD C:\Users\cesar\AppData\Local\Temp\ccUbtDPf.debug.temp.o
LOAD C:\Users\cesar\AppData\Local\Temp\ccDKggq8.debug.temp.o
LOAD C:\Users\cesar\AppData\Local\Temp\ccmj4S00.debug.temp.o
LOAD C:\Users\cesar\AppData\Local\Temp\ccz71eKT.debug.temp.o
LOAD C:\Users\cesar\AppData\Local\Temp\ccsTpSoM.debug.temp.o
LOAD C:\Users\cesar\AppData\Local\Temp\ccd58ehF.debug.temp.o
LOAD C:\Users\cesar\AppData\Local\Temp\ccYgSB9x.debug.temp.o
LOAD C:\Users\cesar\AppData\Local\Temp\cctwzgXq.debug.temp.o
LOAD C:\Users\cesar\AppData\Local\Temp\ccM30mYj.debug.temp.o
LOAD C:\Users\cesar\AppData\Local\Temp\ccNB9KUc.debug.temp.o
LOAD C:\Users\cesar\AppData\Local\Temp\cc8d3cU4.debug.temp.o
LOAD C:\Users\cesar\AppData\Local\Temp\ccbRDWOW.debug.temp.o
LOAD C:\Users\cesar\AppData\Local\Temp\cc4QyF1O.debug.temp.o
LOAD C:\Users\cesar\AppData\Local\Temp\ccBLCF9G.debug.temp.o
LOAD C:\Users\cesar\AppData\Local\Temp\cc8FGFhz.debug.temp.o
LOAD C:\Users\cesar\AppData\Local\Temp\ccz3mpDr.debug.temp.o
LOAD C:\Users\cesar\AppData\Local\Temp\ccElcqUj.debug.temp.o
LOAD C:\Users\cesar\AppData\Local\Temp\ccxVLSoc.debug.temp.o
LOAD C:\Users\cesar\AppData\Local\Temp\ccqvllT4.debug.temp.o
LOAD C:\Users\cesar\AppData\Local\Temp\ccZ2k5iX.debug.temp.o
LOAD C:\Users\cesar\AppData\Local\Temp\ccYTBysT.debug.temp.o
LOAD C:\Users\cesar\AppData\Local\Temp\ccDIijxP.debug.temp.o
LOAD C:\Users\cesar\AppData\Local\Temp\ccixZ3BL.debug.temp.o
LOAD C:\Users\cesar\AppData\Local\Temp\ccLDqgUH.debug.temp.o
LOAD C:\Users\cesar\AppData\Local\Temp\ccUHhK7D.debug.temp.o
LOAD C:\Users\cesar\AppData\Local\Temp\ccT8cXyA.debug.temp.o
LOAD C:\Users\cesar\AppData\Local\Temp\ccAAPrVw.debug.temp.o
LOAD C:\Users\cesar\AppData\Local\Temp\cch2rWht.debug.temp.o
LOAD C:\Users\cesar\AppData\Local\Temp\ccMLOSRp.debug.temp.o
LOAD C:\Users\cesar\AppData\Local\Temp\ccXsB6mm.debug.temp.o
LOAD C:\Users\cesar\AppData\Local\Temp\ccse9nVh.debug.temp.o
LOAD C:\Users\cesar\AppData\Local\Temp\ccXZGFtd.debug.temp.o
LOAD C:\Users\cesar\AppData\Local\Temp\cc8IEeX8.debug.temp.o
LOAD C:\Users\cesar\AppData\Local\Temp\cc7JmfE4.debug.temp.o
LOAD C:\Users\cesar\AppData\Local\Temp\ccMIuxg0.debug.temp.o
LOAD C:\Users\cesar\AppData\Local\Temp\ccrHCPSV.debug.temp.o
LOAD C:\Users\cesar\AppData\Local\Temp\cc08mRIR.debug.temp.o
LOAD C:\Users\cesar\AppData\Local\Temp\ccdvgauN.debug.temp.o
LOAD C:\Users\cesar\AppData\Local\Temp\ccqR9sfJ.debug.temp.o
LOAD C:\Users\cesar\AppData\Local\Temp\ccrvNdeF.debug.temp.o
LOAD C:\Users\cesar\AppData\Local\Temp\ccs9qYcB.debug.temp.o
LOAD C:\Users\cesar\AppData\Local\Temp\ccdTlybx.debug.temp.o
LOAD C:\Users\cesar\AppData\Local\Temp\ccGF0G5s.debug.temp.o
LOAD C:\Users\cesar\AppData\Local\Temp\cc9rFPZo.debug.temp.o
LOAD C:\Users\cesar\AppData\Local\Temp\ccWg2KWj.debug.temp.o
LOAD C:\Users\cesar\AppData\Local\Temp\ccJ5oGTe.debug.temp.o
LOAD C:\Users\cesar\AppData\Local\Temp\ccaPUSL9.debug.temp.o
LOAD C:\Users\cesar\AppData\Local\Temp\ccByq5D4.debug.temp.o
LOAD C:\Users\cesar\AppData\Local\Temp\ccQzGJJZ.debug.temp.o
LOAD C:\Users\cesar\AppData\Local\Temp\cc5AWnPU.debug.temp.o
LOAD C:\Users\cesar\AppData\Local\Temp\cc6KuBQP.debug.temp.o
LOAD C:\Users\cesar\AppData\Local\Temp\ccT9vg5K.debug.temp.o
LOAD C:\Users\cesar\AppData\Local\Temp\ccGyxVjG.debug.temp.o
LOAD C:\Users\cesar\AppData\Local\Temp\ccbYfStB.debug.temp.o
LOAD C:\Users\cesar\AppData\Local\Temp\ccGnYODw.debug.temp.o
LOAD C:\Users\cesar\AppData\Local\Temp\ccX19c1r.debug.temp.o
LOAD C:\Users\cesar\AppData\Local\Temp\ccYLmakn.debug.temp.o
LOAD C:\Users\cesar\AppData\Local\Temp\ccZvz7Ci.debug.temp.o
LOAD C:\Users\cesar\AppData\Local\Temp\ccifdRYc.debug.temp.o
LOAD C:\Users\cesar\AppData\Local\Temp\ccBYQAk7.debug.temp.o
LOAD C:\Users\cesar\AppData\Local\Temp\ccKUhDB1.debug.temp.o
LOAD C:\Users\cesar\AppData\Local\Temp\ccF5b75V.debug.temp.o
LOAD C:\Users\cesar\AppData\Local\Temp\ccAg6AAQ.debug.temp.o
LOAD C:\Users\cesar\AppData\Local\Temp\cchAiE0K.debug.temp.o
LOAD C:\Users\cesar\AppData\Local\Temp\ccYTuHqF.debug.temp.o
LOAD C:\Users\cesar\AppData\Local\Temp\cctvrc4z.debug.temp.o
LOAD C:\Users\cesar\AppData\Local\Temp\ccE4NYCu.debug.temp.o
LOAD C:\Users\cesar\AppData\Local\Temp\ccPDaLbp.debug.temp.o
LOAD C:\Users\cesar\AppData\Local\Temp\ccOuhZXj.debug.temp.o
LOAD C:\Users\cesar\AppData\Local\Temp\ccxrpMFe.debug.temp.o
LOAD C:\Users\cesar\AppData\Local\Temp\ccgoxzn9.debug.temp.o
LOAD C:\Users\cesar\AppData\Local\Temp\cclwlOO7.debug.temp.o
LOAD C:\Users\cesar\AppData\Local\Temp\ccqE92f6.debug.temp.o
LOAD C:\Users\cesar\AppData\Local\Temp\ccbKnzC4.debug.temp.o
LOAD C:\Users\cesar\AppData\Local\Temp\ccMaDxc3.debug.temp.o
LOAD C:\Users\cesar\AppData\Local\Temp\cc5DC4H1.debug.temp.o
LOAD C:\Users\cesar\AppData\Local\Temp\cccrFAv0.debug.temp.o
LOAD C:\Users\cesar\AppData\Local\Temp\ccjeI6iZ.debug.temp.o
LOAD C:\Users\cesar\AppData\Local\Temp\cc81rU1X.debug.temp.o
LOAD C:\Users\cesar\AppData\Local\Temp\ccXPbIKW.debug.temp.o
LOAD C:\Users\cesar\AppData\Local\Temp\ccAVFXGV.debug.temp.o
LOAD C:\Users\cesar\AppData\Local\Temp\ccX6aMyU.debug.temp.o
LOAD C:\Users\cesar\AppData\Local\Temp\cckiGAqT.debug.temp.o
LOAD C:\Users\cesar\AppData\Local\Temp\ccZsCblR.debug.temp.o
LOAD C:\Users\cesar\AppData\Local\Temp\ccKM7wbP.debug.temp.o
LOAD C:\Users\cesar\AppData\Local\Temp\ccv6CS1M.debug.temp.o
LOAD C:\Users\cesar\AppData\Local\Temp\cc4HSF5K.debug.temp.o
LOAD C:\Users\cesar\AppData\Local\Temp\ccjhyK4I.debug.temp.o
LOAD C:\Users\cesar\AppData\Local\Temp\ccyQdP3G.debug.temp.o
LOAD C:\Users\cesar\AppData\Local\Temp\ccBHDlgF.debug.temp.o
LOAD C:\Users\cesar\AppData\Local\Temp\ccoE4qoD.debug.temp.o
LOAD C:\Users\cesar\AppData\Local\Temp\ccbBvwwB.debug.temp.o
LOAD C:\Users\cesar\AppData\Local\Temp\ccMPG3Rz.debug.temp.o
LOAD C:\Users\cesar\AppData\Local\Temp\cc54yS8x.debug.temp.o
LOAD C:\Users\cesar\AppData\Local\Temp\ccEgBtsv.debug.temp.o
LOAD C:\Users\cesar\AppData\Local\Temp\ccdsD4Ls.debug.temp.o
LOAD C:\Users\cesar\AppData\Local\Temp\ccwJGe1p.debug.temp.o
LOAD C:\Users\cesar\AppData\Local\Temp\ccDiuQtn.debug.temp.o
LOAD C:\Users\cesar\AppData\Local\Temp\ccKRhsWk.debug.temp.o
LOAD C:\Users\cesar\AppData\Local\Temp\ccBu3lki.debug.temp.o
LOAD C:\Users\cesar\AppData\Local\Temp\cccj1GVf.debug.temp.o
LOAD C:\Users\cesar\AppData\Local\Temp\ccN7Y1wd.debug.temp.o
LOAD C:\Users\cesar\AppData\Local\Temp\cc81XV3a.debug.temp.o
LOAD C:\Users\cesar\AppData\Local\Temp\ccheHhO8.debug.temp.o
LOAD C:\Users\cesar\AppData\Local\Temp\cc6nQUt6.debug.temp.o
LOAD C:\Users\cesar\AppData\Local\Temp\ccVxZx93.debug.temp.o
LOAD C:\Users\cesar\AppData\Local\Temp\cc4JQXR0.debug.temp.o
LOAD C:\Users\cesar\AppData\Local\Temp\ccVYrWvX.debug.temp.o
LOAD C:\Users\cesar\AppData\Local\Temp\ccAvNmnU.debug.temp.o
LOAD C:\Users\cesar\AppData\Local\Temp\ccf28MeR.debug.temp.o
LOAD C:\Users\cesar\AppData\Local\Temp\ccAwUu1N.debug.temp.o
LOAD C:\Users\cesar\AppData\Local\Temp\ccF6W1NK.debug.temp.o
LOAD C:\Users\cesar\AppData\Local\Temp\ccKGZyAH.debug.temp.o
LOAD C:\Users\cesar\AppData\Local\Temp\ccHGnPAE.debug.temp.o
LOAD C:\Users\cesar\AppData\Local\Temp\cckEbnwB.debug.temp.o
LOAD C:\Users\cesar\AppData\Local\Temp\ccJQsmFy.debug.temp.o
LOAD C:\Users\cesar\AppData\Local\Temp\cc82JlOv.debug.temp.o
LOAD C:\Users\cesar\AppData\Local\Temp\ccddrCSs.debug.temp.o
LOAD C:\Users\cesar\AppData\Local\Temp\ccIGpCGt.debug.temp.o
LOAD C:\Users\cesar\AppData\Local\Temp\ccdaoCuu.debug.temp.o
LOAD C:\Users\cesar\AppData\Local\Temp\ccqE3Tdv.debug.temp.o
LOAD C:\Users\cesar\AppData\Local\Temp\ccpncDaw.debug.temp.o
LOAD C:\Users\cesar\AppData\Local\Temp\cco6km7w.debug.temp.o
LOAD C:\Users\cesar\AppData\Local\Temp\cc3MTmZx.debug.temp.o
LOAD C:\Users\cesar\AppData\Local\Temp\ccATN64y.debug.temp.o
LOAD C:\Users\cesar\AppData\Local\Temp\cc7ZHQaA.debug.temp.o
LOAD C:\Users\cesar\AppData\Local\Temp\cck41RbB.debug.temp.o
LOAD C:\Users\cesar\AppData\Local\Temp\ccx8lTcC.debug.temp.o
LOAD C:\Users\cesar\AppData\Local\Temp\ccyuqmrD.debug.temp.o
LOAD C:\Users\cesar\AppData\Local\Temp\cczQuPFE.debug.temp.o
LOAD C:\Users\cesar\AppData\Local\Temp\ccgaZzPF.debug.temp.o
LOAD C:\Users\cesar\AppData\Local\Temp\ccXttkZG.debug.temp.o
LOAD C:\Users\cesar\AppData\Local\Temp\cc0UZ8bH.debug.temp.o
LOAD C:\Users\cesar\AppData\Local\Temp\cc3lwXoH.debug.temp.o
LOAD C:\Users\cesar\AppData\Local\Temp\ccMKs3wH.debug.temp.o
LOAD C:\Users\cesar\AppData\Local\Temp\ccv9o9EH.debug.temp.o
LOAD C:\Users\cesar\AppData\Local\Temp\cc2P5G0H.debug.temp.o
LOAD C:\Users\cesar\AppData\Local\Temp\cczwMemI.debug.temp.o
LOAD C:\Users\cesar\AppData\Local\Temp\ccOda4CI.debug.temp.o
LOAD C:\Users\cesar\AppData\Local\Temp\ccThCC7I.debug.temp.o
LOAD C:\Users\cesar\AppData\Local\Temp\ccYl4aCJ.debug.temp.o
LOAD C:\Users\cesar\AppData\Local\Temp\ccJnW01J.debug.temp.o
LOAD C:\Users\cesar\AppData\Local\Temp\ccupOQrK.debug.temp.o
LOAD C:\Users\cesar\AppData\Local\Temp\cc5LH84K.debug.temp.o
LOAD C:\Users\cesar\AppData\Local\Temp\cck3JHDL.debug.temp.o
LOAD C:\Users\cesar\AppData\Local\Temp\cczkMgcM.debug.temp.o
LOAD C:\Users\cesar\AppData\Local\Temp\ccaJQTNL.debug.temp.o
LOAD C:\Users\cesar\AppData\Local\Temp\ccL7UwpL.debug.temp.o
LOAD C:\Users\cesar\AppData\Local\Temp\cc6BgZ0K.debug.temp.o
LOAD C:\Users\cesar\AppData\Local\Temp\ccdl5SPK.debug.temp.o
LOAD C:\Users\cesar\AppData\Local\Temp\cck4TMEK.debug.temp.o
LOAD C:\Users\cesar\AppData\Local\Temp\cc7K8XoK.debug.temp.o
LOAD C:\Users\cesar\AppData\Local\Temp\ccUrn98J.debug.temp.o
LOAD C:\Users\cesar\AppData\Local\Temp\ccBBe46J.debug.temp.o
LOAD C:\Users\cesar\AppData\Local\Temp\cciL5Y4J.debug.temp.o
LOAD C:\Users\cesar\AppData\Local\Temp\ccDP5aYJ.debug.temp.o
LOAD C:\Users\cesar\AppData\Local\Temp\ccOe7O4J.debug.temp.o
LOAD C:\Users\cesar\AppData\Local\Temp\ccZD8sbK.debug.temp.o
LOAD C:\Users\cesar\AppData\Local\Temp\ccQ0zodK.debug.temp.o
LOAD C:\Users\cesar\AppData\Local\Temp\cc1rMniJ.debug.temp.o
LOAD C:\Users\cesar\AppData\Local\Temp\cccTYmnI.debug.temp.o
LOAD C:\Users\cesar\AppData\Local\Temp\cc3hBDnH.debug.temp.o
LOAD C:\Users\cesar\AppData\Local\Temp\ccUGdUnG.debug.temp.o
LOAD C:\Users\cesar\AppData\Local\Temp\ccznACBF.debug.temp.o
LOAD C:\Users\cesar\AppData\Local\Temp\cce4WkPE.debug.temp.o
LOAD C:\Users\cesar\AppData\Local\Temp\cczIJkYD.debug.temp.o
LOAD C:\Users\cesar\AppData\Local\Temp\ccUmwk7C.debug.temp.o
LOAD C:\Users\cesar\AppData\Local\Temp\cc7qE3tC.debug.temp.o
LOAD C:\Users\cesar\AppData\Local\Temp\cckvMMQB.debug.temp.o
LOAD C:\Users\cesar\AppData\Local\Temp\ccdxkN8A.debug.temp.o
LOAD C:\Users\cesar\AppData\Local\Temp\cc6ySNqA.debug.temp.o
LOAD C:\Users\cesar\AppData\Local\Temp\ccNSagWz.debug.temp.o
LOAD C:\Users\cesar\AppData\Local\Temp\ccuctIrz.debug.temp.o
LOAD C:\Users\cesar\AppData\Local\Temp\ccTwssSy.debug.temp.o
LOAD C:\Users\cesar\AppData\Local\Temp\cciRrcjy.debug.temp.o
LOAD C:\Users\cesar\AppData\Local\Temp\cc7uIFtB.debug.temp.o
LOAD C:\Users\cesar\AppData\Local\Temp\ccA37pzE.debug.temp.o
LOAD C:\Users\cesar\AppData\Local\Temp\cc3BxaFH.debug.temp.o
LOAD C:\Users\cesar\AppData\Local\Temp\ccksHmYK.debug.temp.o
LOAD C:\Users\cesar\AppData\Local\Temp\ccBiRyhO.debug.temp.o
LOAD C:\Users\cesar\AppData\Local\Temp\ccy6q2vR.debug.temp.o
LOAD C:\Users\cesar\AppData\Local\Temp\ccvU0vKU.debug.temp.o
LOAD C:\Users\cesar\AppData\Local\Temp\cck8VIcY.debug.temp.o
LOAD C:\Users\cesar\AppData\Local\Temp\cc9lRVE1.debug.temp.o
LOAD C:\Users\cesar\AppData\Local\Temp\ccExcq24.debug.temp.o
LOAD C:\Users\cesar\AppData\Local\Temp\ccTOOJp8.debug.temp.o
LOAD C:\Users\cesar\AppData\Local\Temp\cc85q3Mb.debug.temp.o
LOAD C:\Users\cesar\AppData\Local\Temp\cc9BwOnf.debug.temp.o
LOAD C:\Users\cesar\AppData\Local\Temp\cca8BzYi.debug.temp.o
LOAD C:\Users\cesar\AppData\Local\Temp\ccVJITum.debug.temp.o
LOAD C:\Users\cesar\AppData\Local\Temp\ccYkg03o.debug.temp.o
LOAD C:\Users\cesar\AppData\Local\Temp\cc1VN6Cr.debug.temp.o
LOAD C:\Users\cesar\AppData\Local\Temp\ccKuLu7t.debug.temp.o
LOAD C:\Users\cesar\AppData\Local\Temp\cct3ISBw.debug.temp.o
LOAD C:\Users\cesar\AppData\Local\Temp\cc0TqIjz.debug.temp.o
LOAD C:\Users\cesar\AppData\Local\Temp\ccxK8x1B.debug.temp.o
LOAD C:\Users\cesar\AppData\Local\Temp\ccOGRWEE.debug.temp.o
LOAD C:\Users\cesar\AppData\Local\Temp\ccTUkNvH.debug.temp.o
LOAD C:\Users\cesar\AppData\Local\Temp\ccY8NDmK.debug.temp.o
LOAD C:\Users\cesar\AppData\Local\Temp\ccJkHL8M.debug.temp.o
                0x00001000                STACKSIZE = 0x1000
                0x00005000                HEAP_SIZE = 0x5000
                0x00000000                PROVIDE (_intvecs_base_address = DEFINED (_intvecs_base_address)?_intvecs_base_address:0x0)

.intvecs        0x00000000      0x140
 *(.intvecs)
 .intvecs       0x00000000      0x140 C:/ti/simplelink_msp432p4_sdk_3_40_01_02/kernel/nortos\lib/nortos_msp432p401x.am4fg(startup_msp432_gcc.om4fg)
                0x00000000                interruptVectors
                0x20000000                PROVIDE (_vtable_base_address = DEFINED (_vtable_base_address)?_vtable_base_address:0x20000000)

.vtable
 *(.vtable)

.text           0x00000140    0x1a88c
 CREATE_OBJECT_SYMBOLS
 *(.text)
 .text          0x00000140        0x0 C:\Users\cesar\AppData\Local\Temp\micro_speech_MSP_EXP432P401R_nortos_gcc.out.3LU9Mx.ltrans0.ltrans.o
 .text          0x00000140        0x0 C:\Users\cesar\AppData\Local\Temp\micro_speech_MSP_EXP432P401R_nortos_gcc.out.3LU9Mx.ltrans1.ltrans.o
 .text          0x00000140        0x0 C:/ti/simplelink_msp432p4_sdk_3_40_01_02/source\ti/display/lib/display.am4fg(Display.om4fg)
 .text          0x00000140        0x0 C:/ti/simplelink_msp432p4_sdk_3_40_01_02/source\ti/display/lib/display.am4fg(DisplayUart.om4fg)
 .text          0x00000140        0x0 C:/ti/simplelink_msp432p4_sdk_3_40_01_02/source\ti/drivers/lib/drivers_msp432p401x.am4fg(LED.om4fg)
 .text          0x00000140        0x0 C:/ti/simplelink_msp432p4_sdk_3_40_01_02/source\ti/drivers/lib/drivers_msp432p401x.am4fg(ADCBuf.om4fg)
 .text          0x00000140        0x0 C:/ti/simplelink_msp432p4_sdk_3_40_01_02/source\ti/drivers/lib/drivers_msp432p401x.am4fg(ADCBufMSP432.om4fg)
 .text          0x00000140        0x0 C:/ti/simplelink_msp432p4_sdk_3_40_01_02/source\ti/drivers/lib/drivers_msp432p401x.am4fg(UDMAMSP432.om4fg)
 .text          0x00000140        0x0 C:/ti/simplelink_msp432p4_sdk_3_40_01_02/source\ti/drivers/lib/drivers_msp432p401x.am4fg(GPIOMSP432.om4fg)
 .text          0x00000140        0x0 C:/ti/simplelink_msp432p4_sdk_3_40_01_02/source\ti/drivers/lib/drivers_msp432p401x.am4fg(PowerMSP432.om4fg)
 .text          0x00000140        0x0 C:/ti/simplelink_msp432p4_sdk_3_40_01_02/source\ti/drivers/lib/drivers_msp432p401x.am4fg(PWM.om4fg)
 .text          0x00000140        0x0 C:/ti/simplelink_msp432p4_sdk_3_40_01_02/source\ti/drivers/lib/drivers_msp432p401x.am4fg(TimerMSP432.om4fg)
 .text          0x00000140        0x0 C:/ti/simplelink_msp432p4_sdk_3_40_01_02/source\ti/drivers/lib/drivers_msp432p401x.am4fg(UART.om4fg)
 .text          0x00000140        0x0 C:/ti/simplelink_msp432p4_sdk_3_40_01_02/source\ti/drivers/lib/drivers_msp432p401x.am4fg(UARTMSP432.om4fg)
 .text          0x00000140        0x0 C:/ti/simplelink_msp432p4_sdk_3_40_01_02/source\ti/drivers/lib/drivers_msp432p401x.am4fg(List.om4fg)
 .text          0x00000140        0x0 C:/ti/simplelink_msp432p4_sdk_3_40_01_02/source\ti/drivers/lib/drivers_msp432p401x.am4fg(RingBuf.om4fg)
 .text          0x00000140        0x0 C:/ti/simplelink_msp432p4_sdk_3_40_01_02/kernel/nortos\lib/nortos_msp432p401x.am4fg(NoRTOS.om4fg)
 .text          0x00000140        0x0 C:/ti/simplelink_msp432p4_sdk_3_40_01_02/kernel/nortos\lib/nortos_msp432p401x.am4fg(SemaphoreP_nortos.om4fg)
 .text          0x00000140        0x0 C:/ti/simplelink_msp432p4_sdk_3_40_01_02/kernel/nortos\lib/nortos_msp432p401x.am4fg(SystemP_nortos.om4fg)
 .text          0x00000140        0x0 C:/ti/simplelink_msp432p4_sdk_3_40_01_02/kernel/nortos\lib/nortos_msp432p401x.am4fg(PowerMSP432_nortos.om4fg)
 .text          0x00000140        0x0 C:/ti/simplelink_msp432p4_sdk_3_40_01_02/kernel/nortos\lib/nortos_msp432p401x.am4fg(ClockPTimer_nortos.om4fg)
 .text          0x00000140        0x0 C:/ti/simplelink_msp432p4_sdk_3_40_01_02/kernel/nortos\lib/nortos_msp432p401x.am4fg(TimerPMSP432_nortos.om4fg)
 .text          0x00000140        0x0 C:/ti/simplelink_msp432p4_sdk_3_40_01_02/kernel/nortos\lib/nortos_msp432p401x.am4fg(HwiPMSP432_nortos.om4fg)
 .text          0x00000140        0x0 C:/ti/simplelink_msp432p4_sdk_3_40_01_02/kernel/nortos\lib/nortos_msp432p401x.am4fg(startup_msp432_gcc.om4fg)
 .text          0x00000140        0x0 C:/ti/simplelink_msp432p4_sdk_3_40_01_02/kernel/nortos\lib/nortos_msp432p401x.am4fg(QueueP_nortos.om4fg)
 .text          0x00000140        0x0 C:/ti/simplelink_msp432p4_sdk_3_40_01_02/kernel/nortos\lib/nortos_msp432p401x.am4fg(SwiP_nortos.om4fg)
 .text          0x00000140        0x0 C:/ti/simplelink_msp432p4_sdk_3_40_01_02/source\ti/devices/msp432p4xx/driverlib/gcc/msp432p4xx_driverlib.a(adc14.o)
 .text          0x00000140        0x0 C:/ti/simplelink_msp432p4_sdk_3_40_01_02/source\ti/devices/msp432p4xx/driverlib/gcc/msp432p4xx_driverlib.a(cs.o)
 .text          0x00000140        0x0 C:/ti/simplelink_msp432p4_sdk_3_40_01_02/source\ti/devices/msp432p4xx/driverlib/gcc/msp432p4xx_driverlib.a(dma.o)
 .text          0x00000140        0x0 C:/ti/simplelink_msp432p4_sdk_3_40_01_02/source\ti/devices/msp432p4xx/driverlib/gcc/msp432p4xx_driverlib.a(interrupt.o)
 .text          0x00000140        0x0 C:/ti/simplelink_msp432p4_sdk_3_40_01_02/source\ti/devices/msp432p4xx/driverlib/gcc/msp432p4xx_driverlib.a(sysctl.o)
 .text          0x00000140        0x0 C:/ti/simplelink_msp432p4_sdk_3_40_01_02/source\ti/devices/msp432p4xx/driverlib/gcc/msp432p4xx_driverlib.a(sysctl_a.o)
 .text          0x00000140        0x0 C:/ti/simplelink_msp432p4_sdk_3_40_01_02/source\ti/devices/msp432p4xx/driverlib/gcc/msp432p4xx_driverlib.a(uart.o)
 .text          0x00000140        0x0 C:/ti/simplelink_msp432p4_sdk_3_40_01_02/source\ti/devices/msp432p4xx/driverlib/gcc/msp432p4xx_driverlib.a(cpu.o)
 .text          0x00000140      0x254 c:/ti/ccs1260/ccs/tools/compiler/gcc-arm-none-eabi-9-2019-q4-major/bin/../lib/gcc/arm-none-eabi/9.2.1/thumb/v7e-m+fp/hard\libgcc.a(_arm_muldf3.o)
 .text          0x00000394      0x378 c:/ti/ccs1260/ccs/tools/compiler/gcc-arm-none-eabi-9-2019-q4-major/bin/../lib/gcc/arm-none-eabi/9.2.1/thumb/v7e-m+fp/hard\libgcc.a(_arm_addsubdf3.o)
                0x00000394                __aeabi_drsub
                0x0000039c                __aeabi_dsub
                0x0000039c                __subdf3
                0x000003a0                __aeabi_dadd
                0x000003a0                __adddf3
                0x00000618                __floatunsidf
                0x00000618                __aeabi_ui2d
                0x00000638                __floatsidf
                0x00000638                __aeabi_i2d
                0x0000065c                __aeabi_f2d
                0x0000065c                __extendsfdf2
                0x000006a0                __floatundidf
                0x000006a0                __aeabi_ul2d
                0x000006b0                __floatdidf
                0x000006b0                __aeabi_l2d
 .text          0x0000070c      0x110 c:/ti/ccs1260/ccs/tools/compiler/gcc-arm-none-eabi-9-2019-q4-major/bin/../lib/gcc/arm-none-eabi/9.2.1/thumb/v7e-m+fp/hard\libgcc.a(_arm_cmpdf2.o)
                0x0000070c                __gtdf2
                0x0000070c                __gedf2
                0x00000714                __ltdf2
                0x00000714                __ledf2
                0x0000071c                __nedf2
                0x0000071c                __eqdf2
                0x0000071c                __cmpdf2
                0x00000798                __aeabi_cdrcmple
                0x000007a8                __aeabi_cdcmpeq
                0x000007a8                __aeabi_cdcmple
                0x000007b8                __aeabi_dcmpeq
                0x000007cc                __aeabi_dcmplt
                0x000007e0                __aeabi_dcmple
                0x000007f4                __aeabi_dcmpge
                0x00000808                __aeabi_dcmpgt
 .text          0x0000081c       0x50 c:/ti/ccs1260/ccs/tools/compiler/gcc-arm-none-eabi-9-2019-q4-major/bin/../lib/gcc/arm-none-eabi/9.2.1/thumb/v7e-m+fp/hard\libgcc.a(_arm_fixdfsi.o)
                0x0000081c                __aeabi_d2iz
                0x0000081c                __fixdfsi
 .text          0x0000086c       0x40 c:/ti/ccs1260/ccs/tools/compiler/gcc-arm-none-eabi-9-2019-q4-major/bin/../lib/gcc/arm-none-eabi/9.2.1/thumb/v7e-m+fp/hard\libgcc.a(_arm_fixunsdfsi.o)
                0x0000086c                __aeabi_d2uiz
                0x0000086c                __fixunsdfsi
 .text          0x000008ac       0xa0 c:/ti/ccs1260/ccs/tools/compiler/gcc-arm-none-eabi-9-2019-q4-major/bin/../lib/gcc/arm-none-eabi/9.2.1/thumb/v7e-m+fp/hard\libgcc.a(_aeabi_ldivmod.o)
                0x000008ac                __aeabi_ldivmod
 .text          0x0000094c       0x30 c:/ti/ccs1260/ccs/tools/compiler/gcc-arm-none-eabi-9-2019-q4-major/bin/../lib/gcc/arm-none-eabi/9.2.1/thumb/v7e-m+fp/hard\libgcc.a(_aeabi_uldivmod.o)
                0x0000094c                __aeabi_uldivmod
 .text          0x0000097c      0x2c4 c:/ti/ccs1260/ccs/tools/compiler/gcc-arm-none-eabi-9-2019-q4-major/bin/../lib/gcc/arm-none-eabi/9.2.1/thumb/v7e-m+fp/hard\libgcc.a(_udivmoddi4.o)
                0x0000097c                __udivmoddi4
 .text          0x00000c40        0x4 c:/ti/ccs1260/ccs/tools/compiler/gcc-arm-none-eabi-9-2019-q4-major/bin/../lib/gcc/arm-none-eabi/9.2.1/thumb/v7e-m+fp/hard\libgcc.a(_dvmd_tls.o)
                0x00000c40                __aeabi_idiv0
                0x00000c40                __aeabi_ldiv0
 .text          0x00000c44       0x30 c:/ti/ccs1260/ccs/tools/compiler/gcc-arm-none-eabi-9-2019-q4-major/bin/../lib/gcc/arm-none-eabi/9.2.1/thumb/v7e-m+fp/hard\libgcc.a(_fixdfdi.o)
                0x00000c44                __fixdfdi
                0x00000c44                __aeabi_d2lz
 .text          0x00000c74       0x3c c:/ti/ccs1260/ccs/tools/compiler/gcc-arm-none-eabi-9-2019-q4-major/bin/../lib/gcc/arm-none-eabi/9.2.1/thumb/v7e-m+fp/hard\libgcc.a(_fixunsdfdi.o)
                0x00000c74                __fixunsdfdi
                0x00000c74                __aeabi_d2ulz
 .text          0x00000cb0        0x0 c:/ti/ccs1260/ccs/tools/compiler/gcc-arm-none-eabi-9-2019-q4-major/bin/../lib/gcc/arm-none-eabi/9.2.1/../../../../arm-none-eabi/lib/thumb/v7e-m+fp/hard\libc_nano.a(lib_a-aeabi_atexit.o)
 .text          0x00000cb0        0x0 c:/ti/ccs1260/ccs/tools/compiler/gcc-arm-none-eabi-9-2019-q4-major/bin/../lib/gcc/arm-none-eabi/9.2.1/../../../../arm-none-eabi/lib/thumb/v7e-m+fp/hard\libc_nano.a(lib_a-bsearch.o)
 .text          0x00000cb0        0x0 c:/ti/ccs1260/ccs/tools/compiler/gcc-arm-none-eabi-9-2019-q4-major/bin/../lib/gcc/arm-none-eabi/9.2.1/../../../../arm-none-eabi/lib/thumb/v7e-m+fp/hard\libc_nano.a(lib_a-cxa_atexit.o)
 .text          0x00000cb0        0x0 c:/ti/ccs1260/ccs/tools/compiler/gcc-arm-none-eabi-9-2019-q4-major/bin/../lib/gcc/arm-none-eabi/9.2.1/../../../../arm-none-eabi/lib/thumb/v7e-m+fp/hard\libc_nano.a(lib_a-errno.o)
 .text          0x00000cb0        0x0 c:/ti/ccs1260/ccs/tools/compiler/gcc-arm-none-eabi-9-2019-q4-major/bin/../lib/gcc/arm-none-eabi/9.2.1/../../../../arm-none-eabi/lib/thumb/v7e-m+fp/hard\libc_nano.a(lib_a-impure.o)
 .text          0x00000cb0        0x0 c:/ti/ccs1260/ccs/tools/compiler/gcc-arm-none-eabi-9-2019-q4-major/bin/../lib/gcc/arm-none-eabi/9.2.1/../../../../arm-none-eabi/lib/thumb/v7e-m+fp/hard\libc_nano.a(lib_a-malloc.o)
 .text          0x00000cb0        0x0 c:/ti/ccs1260/ccs/tools/compiler/gcc-arm-none-eabi-9-2019-q4-major/bin/../lib/gcc/arm-none-eabi/9.2.1/../../../../arm-none-eabi/lib/thumb/v7e-m+fp/hard\libc_nano.a(lib_a-nano-freer.o)
 .text          0x00000cb0        0x0 c:/ti/ccs1260/ccs/tools/compiler/gcc-arm-none-eabi-9-2019-q4-major/bin/../lib/gcc/arm-none-eabi/9.2.1/../../../../arm-none-eabi/lib/thumb/v7e-m+fp/hard\libc_nano.a(lib_a-nano-mallocr.o)
 .text          0x00000cb0        0x0 c:/ti/ccs1260/ccs/tools/compiler/gcc-arm-none-eabi-9-2019-q4-major/bin/../lib/gcc/arm-none-eabi/9.2.1/../../../../arm-none-eabi/lib/thumb/v7e-m+fp/hard\libc_nano.a(lib_a-on_exit_args.o)
 .text          0x00000cb0        0x0 c:/ti/ccs1260/ccs/tools/compiler/gcc-arm-none-eabi-9-2019-q4-major/bin/../lib/gcc/arm-none-eabi/9.2.1/../../../../arm-none-eabi/lib/thumb/v7e-m+fp/hard\libc_nano.a(lib_a-s_frexp.o)
 .text          0x00000cb0        0x0 c:/ti/ccs1260/ccs/tools/compiler/gcc-arm-none-eabi-9-2019-q4-major/bin/../lib/gcc/arm-none-eabi/9.2.1/../../../../arm-none-eabi/lib/thumb/v7e-m+fp/hard\libc_nano.a(lib_a-sbrkr.o)
 .text          0x00000cb0       0x10 c:/ti/ccs1260/ccs/tools/compiler/gcc-arm-none-eabi-9-2019-q4-major/bin/../lib/gcc/arm-none-eabi/9.2.1/../../../../arm-none-eabi/lib/thumb/v7e-m+fp/hard\libc_nano.a(lib_a-strlen.o)
                0x00000cb0                strlen
 .text          0x00000cc0        0x0 c:/ti/ccs1260/ccs/tools/compiler/gcc-arm-none-eabi-9-2019-q4-major/bin/../lib/gcc/arm-none-eabi/9.2.1/../../../../arm-none-eabi/lib/thumb/v7e-m+fp/hard\libc_nano.a(lib_a-strtoll.o)
 .text          0x00000cc0        0x0 c:/ti/ccs1260/ccs/tools/compiler/gcc-arm-none-eabi-9-2019-q4-major/bin/../lib/gcc/arm-none-eabi/9.2.1/../../../../arm-none-eabi/lib/thumb/v7e-m+fp/hard\libc_nano.a(lib_a-strtoull.o)
 .text          0x00000cc0        0x0 c:/ti/ccs1260/ccs/tools/compiler/gcc-arm-none-eabi-9-2019-q4-major/bin/../lib/gcc/arm-none-eabi/9.2.1/../../../../arm-none-eabi/lib/thumb/v7e-m+fp/hard\libc_nano.a(lib_a-ctype_.o)
 .text          0x00000cc0        0x0 c:/ti/ccs1260/ccs/tools/compiler/gcc-arm-none-eabi-9-2019-q4-major/bin/../lib/gcc/arm-none-eabi/9.2.1/../../../../arm-none-eabi/lib/thumb/v7e-m+fp/hard\libc_nano.a(lib_a-mlock.o)
 .text          0x00000cc0        0x0 c:/ti/ccs1260/ccs/tools/compiler/gcc-arm-none-eabi-9-2019-q4-major/bin/../lib/gcc/arm-none-eabi/9.2.1/../../../../arm-none-eabi/lib/thumb/v7e-m+fp/hard\libc_nano.a(lib_a-reent.o)
 .text          0x00000cc0        0x0 c:/ti/ccs1260/ccs/tools/compiler/gcc-arm-none-eabi-9-2019-q4-major/bin/../lib/gcc/arm-none-eabi/9.2.1/../../../../arm-none-eabi/lib/thumb/v7e-m+fp/hard\libc_nano.a(lib_a-lock.o)
 .text          0x00000cc0        0x0 c:/ti/ccs1260/ccs/tools/compiler/gcc-arm-none-eabi-9-2019-q4-major/bin/../lib/gcc/arm-none-eabi/9.2.1/../../../../arm-none-eabi/lib/thumb/v7e-m+fp/hard\libc_nano.a(lib_a-calloc.o)
 .text          0x00000cc0        0x0 c:/ti/ccs1260/ccs/tools/compiler/gcc-arm-none-eabi-9-2019-q4-major/bin/../lib/gcc/arm-none-eabi/9.2.1/../../../../arm-none-eabi/lib/thumb/v7e-m+fp/hard\libc_nano.a(lib_a-fwrite.o)
 .text          0x00000cc0        0x0 c:/ti/ccs1260/ccs/tools/compiler/gcc-arm-none-eabi-9-2019-q4-major/bin/../lib/gcc/arm-none-eabi/9.2.1/../../../../arm-none-eabi/lib/thumb/v7e-m+fp/hard\libc_nano.a(lib_a-memcpy-stub.o)
 .text          0x00000cc0        0x0 c:/ti/ccs1260/ccs/tools/compiler/gcc-arm-none-eabi-9-2019-q4-major/bin/../lib/gcc/arm-none-eabi/9.2.1/../../../../arm-none-eabi/lib/thumb/v7e-m+fp/hard\libc_nano.a(lib_a-memmove.o)
 .text          0x00000cc0        0x0 c:/ti/ccs1260/ccs/tools/compiler/gcc-arm-none-eabi-9-2019-q4-major/bin/../lib/gcc/arm-none-eabi/9.2.1/../../../../arm-none-eabi/lib/thumb/v7e-m+fp/hard\libc_nano.a(lib_a-memset.o)
 .text          0x00000cc0        0x0 c:/ti/ccs1260/ccs/tools/compiler/gcc-arm-none-eabi-9-2019-q4-major/bin/../lib/gcc/arm-none-eabi/9.2.1/../../../../arm-none-eabi/lib/thumb/v7e-m+fp/hard\libc_nano.a(lib_a-nano-callocr.o)
 .text          0x00000cc0       0x14 c:/ti/ccs1260/ccs/tools/compiler/gcc-arm-none-eabi-9-2019-q4-major/bin/../lib/gcc/arm-none-eabi/9.2.1/../../../../arm-none-eabi/lib/thumb/v7e-m+fp/hard\libc_nano.a(lib_a-strcmp.o)
                0x00000cc0                strcmp
 .text          0x00000cd4        0x0 c:/ti/ccs1260/ccs/tools/compiler/gcc-arm-none-eabi-9-2019-q4-major/bin/../lib/gcc/arm-none-eabi/9.2.1/../../../../arm-none-eabi/lib/thumb/v7e-m+fp/hard\libc_nano.a(lib_a-strncmp.o)
 .text          0x00000cd4        0x0 c:/ti/ccs1260/ccs/tools/compiler/gcc-arm-none-eabi-9-2019-q4-major/bin/../lib/gcc/arm-none-eabi/9.2.1/../../../../arm-none-eabi/lib/thumb/v7e-m+fp/hard\libc_nano.a(lib_a-wbuf.o)
 .text          0x00000cd4        0x0 c:/ti/ccs1260/ccs/tools/compiler/gcc-arm-none-eabi-9-2019-q4-major/bin/../lib/gcc/arm-none-eabi/9.2.1/../../../../arm-none-eabi/lib/thumb/v7e-m+fp/hard\libc_nano.a(lib_a-wsetup.o)
 .text          0x00000cd4        0x0 c:/ti/ccs1260/ccs/tools/compiler/gcc-arm-none-eabi-9-2019-q4-major/bin/../lib/gcc/arm-none-eabi/9.2.1/../../../../arm-none-eabi/lib/thumb/v7e-m+fp/hard\libc_nano.a(lib_a-fflush.o)
 .text          0x00000cd4        0x0 c:/ti/ccs1260/ccs/tools/compiler/gcc-arm-none-eabi-9-2019-q4-major/bin/../lib/gcc/arm-none-eabi/9.2.1/../../../../arm-none-eabi/lib/thumb/v7e-m+fp/hard\libc_nano.a(lib_a-findfp.o)
 .text          0x00000cd4        0x0 c:/ti/ccs1260/ccs/tools/compiler/gcc-arm-none-eabi-9-2019-q4-major/bin/../lib/gcc/arm-none-eabi/9.2.1/../../../../arm-none-eabi/lib/thumb/v7e-m+fp/hard\libc_nano.a(lib_a-fwalk.o)
 .text          0x00000cd4        0x0 c:/ti/ccs1260/ccs/tools/compiler/gcc-arm-none-eabi-9-2019-q4-major/bin/../lib/gcc/arm-none-eabi/9.2.1/../../../../arm-none-eabi/lib/thumb/v7e-m+fp/hard\libc_nano.a(lib_a-makebuf.o)
 .text          0x00000cd4        0x0 c:/ti/ccs1260/ccs/tools/compiler/gcc-arm-none-eabi-9-2019-q4-major/bin/../lib/gcc/arm-none-eabi/9.2.1/../../../../arm-none-eabi/lib/thumb/v7e-m+fp/hard\libc_nano.a(lib_a-stdio.o)
 .text          0x00000cd4        0x0 c:/ti/ccs1260/ccs/tools/compiler/gcc-arm-none-eabi-9-2019-q4-major/bin/../lib/gcc/arm-none-eabi/9.2.1/../../../../arm-none-eabi/lib/thumb/v7e-m+fp/hard\libc_nano.a(lib_a-writer.o)
 .text          0x00000cd4        0x0 c:/ti/ccs1260/ccs/tools/compiler/gcc-arm-none-eabi-9-2019-q4-major/bin/../lib/gcc/arm-none-eabi/9.2.1/../../../../arm-none-eabi/lib/thumb/v7e-m+fp/hard\libc_nano.a(lib_a-closer.o)
 .text          0x00000cd4        0x0 c:/ti/ccs1260/ccs/tools/compiler/gcc-arm-none-eabi-9-2019-q4-major/bin/../lib/gcc/arm-none-eabi/9.2.1/../../../../arm-none-eabi/lib/thumb/v7e-m+fp/hard\libc_nano.a(lib_a-fstatr.o)
 .text          0x00000cd4        0x0 c:/ti/ccs1260/ccs/tools/compiler/gcc-arm-none-eabi-9-2019-q4-major/bin/../lib/gcc/arm-none-eabi/9.2.1/../../../../arm-none-eabi/lib/thumb/v7e-m+fp/hard\libc_nano.a(lib_a-isattyr.o)
 .text          0x00000cd4        0x0 c:/ti/ccs1260/ccs/tools/compiler/gcc-arm-none-eabi-9-2019-q4-major/bin/../lib/gcc/arm-none-eabi/9.2.1/../../../../arm-none-eabi/lib/thumb/v7e-m+fp/hard\libc_nano.a(lib_a-lseekr.o)
 .text          0x00000cd4        0x0 c:/ti/ccs1260/ccs/tools/compiler/gcc-arm-none-eabi-9-2019-q4-major/bin/../lib/gcc/arm-none-eabi/9.2.1/../../../../arm-none-eabi/lib/thumb/v7e-m+fp/hard\libc_nano.a(lib_a-readr.o)
 .text          0x00000cd4        0x0 c:/ti/ccs1260/ccs/tools/compiler/gcc-arm-none-eabi-9-2019-q4-major/bin/../lib/gcc/arm-none-eabi/9.2.1/../../../../arm-none-eabi/lib/thumb/v7e-m+fp/hard\libm.a(lib_a-s_cos.o)
 .text          0x00000cd4        0x0 c:/ti/ccs1260/ccs/tools/compiler/gcc-arm-none-eabi-9-2019-q4-major/bin/../lib/gcc/arm-none-eabi/9.2.1/../../../../arm-none-eabi/lib/thumb/v7e-m+fp/hard\libm.a(lib_a-s_floor.o)
 .text          0x00000cd4        0x0 c:/ti/ccs1260/ccs/tools/compiler/gcc-arm-none-eabi-9-2019-q4-major/bin/../lib/gcc/arm-none-eabi/9.2.1/../../../../arm-none-eabi/lib/thumb/v7e-m+fp/hard\libm.a(lib_a-s_log1p.o)
 .text          0x00000cd4        0x0 c:/ti/ccs1260/ccs/tools/compiler/gcc-arm-none-eabi-9-2019-q4-major/bin/../lib/gcc/arm-none-eabi/9.2.1/../../../../arm-none-eabi/lib/thumb/v7e-m+fp/hard\libm.a(lib_a-s_round.o)
 .text          0x00000cd4        0x0 c:/ti/ccs1260/ccs/tools/compiler/gcc-arm-none-eabi-9-2019-q4-major/bin/../lib/gcc/arm-none-eabi/9.2.1/../../../../arm-none-eabi/lib/thumb/v7e-m+fp/hard\libm.a(lib_a-s_sin.o)
 .text          0x00000cd4        0x0 c:/ti/ccs1260/ccs/tools/compiler/gcc-arm-none-eabi-9-2019-q4-major/bin/../lib/gcc/arm-none-eabi/9.2.1/../../../../arm-none-eabi/lib/thumb/v7e-m+fp/hard\libm.a(lib_a-sf_ceil.o)
 .text          0x00000cd4        0x0 c:/ti/ccs1260/ccs/tools/compiler/gcc-arm-none-eabi-9-2019-q4-major/bin/../lib/gcc/arm-none-eabi/9.2.1/../../../../arm-none-eabi/lib/thumb/v7e-m+fp/hard\libm.a(lib_a-sf_cos.o)
 .text          0x00000cd4        0x0 c:/ti/ccs1260/ccs/tools/compiler/gcc-arm-none-eabi-9-2019-q4-major/bin/../lib/gcc/arm-none-eabi/9.2.1/../../../../arm-none-eabi/lib/thumb/v7e-m+fp/hard\libm.a(lib_a-sf_expm1.o)
 .text          0x00000cd4        0x0 c:/ti/ccs1260/ccs/tools/compiler/gcc-arm-none-eabi-9-2019-q4-major/bin/../lib/gcc/arm-none-eabi/9.2.1/../../../../arm-none-eabi/lib/thumb/v7e-m+fp/hard\libm.a(lib_a-sf_floor.o)
 .text          0x00000cd4        0x0 c:/ti/ccs1260/ccs/tools/compiler/gcc-arm-none-eabi-9-2019-q4-major/bin/../lib/gcc/arm-none-eabi/9.2.1/../../../../arm-none-eabi/lib/thumb/v7e-m+fp/hard\libm.a(lib_a-sf_fmax.o)
 .text          0x00000cd4        0x0 c:/ti/ccs1260/ccs/tools/compiler/gcc-arm-none-eabi-9-2019-q4-major/bin/../lib/gcc/arm-none-eabi/9.2.1/../../../../arm-none-eabi/lib/thumb/v7e-m+fp/hard\libm.a(lib_a-sf_fmin.o)
 .text          0x00000cd4        0x0 c:/ti/ccs1260/ccs/tools/compiler/gcc-arm-none-eabi-9-2019-q4-major/bin/../lib/gcc/arm-none-eabi/9.2.1/../../../../arm-none-eabi/lib/thumb/v7e-m+fp/hard\libm.a(lib_a-sf_fpclassify.o)
 .text          0x00000cd4        0x0 c:/ti/ccs1260/ccs/tools/compiler/gcc-arm-none-eabi-9-2019-q4-major/bin/../lib/gcc/arm-none-eabi/9.2.1/../../../../arm-none-eabi/lib/thumb/v7e-m+fp/hard\libm.a(lib_a-sf_round.o)
 .text          0x00000cd4        0x0 c:/ti/ccs1260/ccs/tools/compiler/gcc-arm-none-eabi-9-2019-q4-major/bin/../lib/gcc/arm-none-eabi/9.2.1/../../../../arm-none-eabi/lib/thumb/v7e-m+fp/hard\libm.a(lib_a-sf_sin.o)
 .text          0x00000cd4        0x0 c:/ti/ccs1260/ccs/tools/compiler/gcc-arm-none-eabi-9-2019-q4-major/bin/../lib/gcc/arm-none-eabi/9.2.1/../../../../arm-none-eabi/lib/thumb/v7e-m+fp/hard\libm.a(lib_a-sf_tanh.o)
 .text          0x00000cd4        0x0 c:/ti/ccs1260/ccs/tools/compiler/gcc-arm-none-eabi-9-2019-q4-major/bin/../lib/gcc/arm-none-eabi/9.2.1/../../../../arm-none-eabi/lib/thumb/v7e-m+fp/hard\libm.a(lib_a-w_exp.o)
 .text          0x00000cd4        0x0 c:/ti/ccs1260/ccs/tools/compiler/gcc-arm-none-eabi-9-2019-q4-major/bin/../lib/gcc/arm-none-eabi/9.2.1/../../../../arm-none-eabi/lib/thumb/v7e-m+fp/hard\libm.a(lib_a-w_pow.o)
 .text          0x00000cd4        0x0 c:/ti/ccs1260/ccs/tools/compiler/gcc-arm-none-eabi-9-2019-q4-major/bin/../lib/gcc/arm-none-eabi/9.2.1/../../../../arm-none-eabi/lib/thumb/v7e-m+fp/hard\libm.a(lib_a-w_sqrt.o)
 .text          0x00000cd4        0x0 c:/ti/ccs1260/ccs/tools/compiler/gcc-arm-none-eabi-9-2019-q4-major/bin/../lib/gcc/arm-none-eabi/9.2.1/../../../../arm-none-eabi/lib/thumb/v7e-m+fp/hard\libm.a(lib_a-wf_exp.o)
 .text          0x00000cd4        0x0 c:/ti/ccs1260/ccs/tools/compiler/gcc-arm-none-eabi-9-2019-q4-major/bin/../lib/gcc/arm-none-eabi/9.2.1/../../../../arm-none-eabi/lib/thumb/v7e-m+fp/hard\libm.a(lib_a-wf_fmod.o)
 .text          0x00000cd4        0x0 c:/ti/ccs1260/ccs/tools/compiler/gcc-arm-none-eabi-9-2019-q4-major/bin/../lib/gcc/arm-none-eabi/9.2.1/../../../../arm-none-eabi/lib/thumb/v7e-m+fp/hard\libm.a(lib_a-wf_log.o)
 .text          0x00000cd4        0x0 c:/ti/ccs1260/ccs/tools/compiler/gcc-arm-none-eabi-9-2019-q4-major/bin/../lib/gcc/arm-none-eabi/9.2.1/../../../../arm-none-eabi/lib/thumb/v7e-m+fp/hard\libm.a(lib_a-wf_pow.o)
 .text          0x00000cd4        0x0 c:/ti/ccs1260/ccs/tools/compiler/gcc-arm-none-eabi-9-2019-q4-major/bin/../lib/gcc/arm-none-eabi/9.2.1/../../../../arm-none-eabi/lib/thumb/v7e-m+fp/hard\libm.a(lib_a-wf_sqrt.o)
 .text          0x00000cd4        0x0 c:/ti/ccs1260/ccs/tools/compiler/gcc-arm-none-eabi-9-2019-q4-major/bin/../lib/gcc/arm-none-eabi/9.2.1/../../../../arm-none-eabi/lib/thumb/v7e-m+fp/hard\libm.a(lib_a-e_exp.o)
 .text          0x00000cd4        0x0 c:/ti/ccs1260/ccs/tools/compiler/gcc-arm-none-eabi-9-2019-q4-major/bin/../lib/gcc/arm-none-eabi/9.2.1/../../../../arm-none-eabi/lib/thumb/v7e-m+fp/hard\libm.a(lib_a-e_pow.o)
 .text          0x00000cd4        0x0 c:/ti/ccs1260/ccs/tools/compiler/gcc-arm-none-eabi-9-2019-q4-major/bin/../lib/gcc/arm-none-eabi/9.2.1/../../../../arm-none-eabi/lib/thumb/v7e-m+fp/hard\libm.a(lib_a-e_rem_pio2.o)
 .text          0x00000cd4        0x0 c:/ti/ccs1260/ccs/tools/compiler/gcc-arm-none-eabi-9-2019-q4-major/bin/../lib/gcc/arm-none-eabi/9.2.1/../../../../arm-none-eabi/lib/thumb/v7e-m+fp/hard\libm.a(lib_a-e_sqrt.o)
 .text          0x00000cd4        0x0 c:/ti/ccs1260/ccs/tools/compiler/gcc-arm-none-eabi-9-2019-q4-major/bin/../lib/gcc/arm-none-eabi/9.2.1/../../../../arm-none-eabi/lib/thumb/v7e-m+fp/hard\libm.a(lib_a-ef_exp.o)
 .text          0x00000cd4        0x0 c:/ti/ccs1260/ccs/tools/compiler/gcc-arm-none-eabi-9-2019-q4-major/bin/../lib/gcc/arm-none-eabi/9.2.1/../../../../arm-none-eabi/lib/thumb/v7e-m+fp/hard\libm.a(lib_a-ef_fmod.o)
 .text          0x00000cd4        0x0 c:/ti/ccs1260/ccs/tools/compiler/gcc-arm-none-eabi-9-2019-q4-major/bin/../lib/gcc/arm-none-eabi/9.2.1/../../../../arm-none-eabi/lib/thumb/v7e-m+fp/hard\libm.a(lib_a-ef_log.o)
 .text          0x00000cd4        0x0 c:/ti/ccs1260/ccs/tools/compiler/gcc-arm-none-eabi-9-2019-q4-major/bin/../lib/gcc/arm-none-eabi/9.2.1/../../../../arm-none-eabi/lib/thumb/v7e-m+fp/hard\libm.a(lib_a-ef_pow.o)
 .text          0x00000cd4        0x0 c:/ti/ccs1260/ccs/tools/compiler/gcc-arm-none-eabi-9-2019-q4-major/bin/../lib/gcc/arm-none-eabi/9.2.1/../../../../arm-none-eabi/lib/thumb/v7e-m+fp/hard\libm.a(lib_a-ef_rem_pio2.o)
 .text          0x00000cd4        0x0 c:/ti/ccs1260/ccs/tools/compiler/gcc-arm-none-eabi-9-2019-q4-major/bin/../lib/gcc/arm-none-eabi/9.2.1/../../../../arm-none-eabi/lib/thumb/v7e-m+fp/hard\libm.a(lib_a-ef_sqrt.o)
 .text          0x00000cd4        0x0 c:/ti/ccs1260/ccs/tools/compiler/gcc-arm-none-eabi-9-2019-q4-major/bin/../lib/gcc/arm-none-eabi/9.2.1/../../../../arm-none-eabi/lib/thumb/v7e-m+fp/hard\libm.a(lib_a-k_cos.o)
 .text          0x00000cd4        0x0 c:/ti/ccs1260/ccs/tools/compiler/gcc-arm-none-eabi-9-2019-q4-major/bin/../lib/gcc/arm-none-eabi/9.2.1/../../../../arm-none-eabi/lib/thumb/v7e-m+fp/hard\libm.a(lib_a-k_rem_pio2.o)
 .text          0x00000cd4        0x0 c:/ti/ccs1260/ccs/tools/compiler/gcc-arm-none-eabi-9-2019-q4-major/bin/../lib/gcc/arm-none-eabi/9.2.1/../../../../arm-none-eabi/lib/thumb/v7e-m+fp/hard\libm.a(lib_a-k_sin.o)
 .text          0x00000cd4        0x0 c:/ti/ccs1260/ccs/tools/compiler/gcc-arm-none-eabi-9-2019-q4-major/bin/../lib/gcc/arm-none-eabi/9.2.1/../../../../arm-none-eabi/lib/thumb/v7e-m+fp/hard\libm.a(lib_a-kf_cos.o)
 .text          0x00000cd4        0x0 c:/ti/ccs1260/ccs/tools/compiler/gcc-arm-none-eabi-9-2019-q4-major/bin/../lib/gcc/arm-none-eabi/9.2.1/../../../../arm-none-eabi/lib/thumb/v7e-m+fp/hard\libm.a(lib_a-kf_rem_pio2.o)
 .text          0x00000cd4        0x0 c:/ti/ccs1260/ccs/tools/compiler/gcc-arm-none-eabi-9-2019-q4-major/bin/../lib/gcc/arm-none-eabi/9.2.1/../../../../arm-none-eabi/lib/thumb/v7e-m+fp/hard\libm.a(lib_a-kf_sin.o)
 .text          0x00000cd4        0x0 c:/ti/ccs1260/ccs/tools/compiler/gcc-arm-none-eabi-9-2019-q4-major/bin/../lib/gcc/arm-none-eabi/9.2.1/../../../../arm-none-eabi/lib/thumb/v7e-m+fp/hard\libm.a(lib_a-s_fabs.o)
 .text          0x00000cd4        0x0 c:/ti/ccs1260/ccs/tools/compiler/gcc-arm-none-eabi-9-2019-q4-major/bin/../lib/gcc/arm-none-eabi/9.2.1/../../../../arm-none-eabi/lib/thumb/v7e-m+fp/hard\libm.a(lib_a-s_finite.o)
 .text          0x00000cd4        0x0 c:/ti/ccs1260/ccs/tools/compiler/gcc-arm-none-eabi-9-2019-q4-major/bin/../lib/gcc/arm-none-eabi/9.2.1/../../../../arm-none-eabi/lib/thumb/v7e-m+fp/hard\libm.a(lib_a-s_lib_ver.o)
 .text          0x00000cd4        0x0 c:/ti/ccs1260/ccs/tools/compiler/gcc-arm-none-eabi-9-2019-q4-major/bin/../lib/gcc/arm-none-eabi/9.2.1/../../../../arm-none-eabi/lib/thumb/v7e-m+fp/hard\libm.a(lib_a-s_matherr.o)
 .text          0x00000cd4        0x0 c:/ti/ccs1260/ccs/tools/compiler/gcc-arm-none-eabi-9-2019-q4-major/bin/../lib/gcc/arm-none-eabi/9.2.1/../../../../arm-none-eabi/lib/thumb/v7e-m+fp/hard\libm.a(lib_a-s_nan.o)
 .text          0x00000cd4        0x0 c:/ti/ccs1260/ccs/tools/compiler/gcc-arm-none-eabi-9-2019-q4-major/bin/../lib/gcc/arm-none-eabi/9.2.1/../../../../arm-none-eabi/lib/thumb/v7e-m+fp/hard\libm.a(lib_a-s_rint.o)
 .text          0x00000cd4        0x0 c:/ti/ccs1260/ccs/tools/compiler/gcc-arm-none-eabi-9-2019-q4-major/bin/../lib/gcc/arm-none-eabi/9.2.1/../../../../arm-none-eabi/lib/thumb/v7e-m+fp/hard\libm.a(lib_a-s_scalbn.o)
 .text          0x00000cd4        0x0 c:/ti/ccs1260/ccs/tools/compiler/gcc-arm-none-eabi-9-2019-q4-major/bin/../lib/gcc/arm-none-eabi/9.2.1/../../../../arm-none-eabi/lib/thumb/v7e-m+fp/hard\libm.a(lib_a-sf_fabs.o)
 .text          0x00000cd4        0x0 c:/ti/ccs1260/ccs/tools/compiler/gcc-arm-none-eabi-9-2019-q4-major/bin/../lib/gcc/arm-none-eabi/9.2.1/../../../../arm-none-eabi/lib/thumb/v7e-m+fp/hard\libm.a(lib_a-sf_finite.o)
 .text          0x00000cd4        0x0 c:/ti/ccs1260/ccs/tools/compiler/gcc-arm-none-eabi-9-2019-q4-major/bin/../lib/gcc/arm-none-eabi/9.2.1/../../../../arm-none-eabi/lib/thumb/v7e-m+fp/hard\libm.a(lib_a-sf_nan.o)
 .text          0x00000cd4        0x0 c:/ti/ccs1260/ccs/tools/compiler/gcc-arm-none-eabi-9-2019-q4-major/bin/../lib/gcc/arm-none-eabi/9.2.1/../../../../arm-none-eabi/lib/thumb/v7e-m+fp/hard\libm.a(lib_a-sf_rint.o)
 .text          0x00000cd4        0x0 c:/ti/ccs1260/ccs/tools/compiler/gcc-arm-none-eabi-9-2019-q4-major/bin/../lib/gcc/arm-none-eabi/9.2.1/../../../../arm-none-eabi/lib/thumb/v7e-m+fp/hard\libm.a(lib_a-sf_scalbn.o)
 .text          0x00000cd4        0x0 c:/ti/ccs1260/ccs/tools/compiler/gcc-arm-none-eabi-9-2019-q4-major/bin/../lib/gcc/arm-none-eabi/9.2.1/../../../../arm-none-eabi/lib/thumb/v7e-m+fp/hard\libnosys.a(sbrk.o)
 .text          0x00000cd4        0x0 c:/ti/ccs1260/ccs/tools/compiler/gcc-arm-none-eabi-9-2019-q4-major/bin/../lib/gcc/arm-none-eabi/9.2.1/../../../../arm-none-eabi/lib/thumb/v7e-m+fp/hard\libnosys.a(close.o)
 .text          0x00000cd4        0x0 c:/ti/ccs1260/ccs/tools/compiler/gcc-arm-none-eabi-9-2019-q4-major/bin/../lib/gcc/arm-none-eabi/9.2.1/../../../../arm-none-eabi/lib/thumb/v7e-m+fp/hard\libnosys.a(fstat.o)
 .text          0x00000cd4        0x0 c:/ti/ccs1260/ccs/tools/compiler/gcc-arm-none-eabi-9-2019-q4-major/bin/../lib/gcc/arm-none-eabi/9.2.1/../../../../arm-none-eabi/lib/thumb/v7e-m+fp/hard\libnosys.a(getpid.o)
 .text          0x00000cd4        0x0 c:/ti/ccs1260/ccs/tools/compiler/gcc-arm-none-eabi-9-2019-q4-major/bin/../lib/gcc/arm-none-eabi/9.2.1/../../../../arm-none-eabi/lib/thumb/v7e-m+fp/hard\libnosys.a(isatty.o)
 .text          0x00000cd4        0x0 c:/ti/ccs1260/ccs/tools/compiler/gcc-arm-none-eabi-9-2019-q4-major/bin/../lib/gcc/arm-none-eabi/9.2.1/../../../../arm-none-eabi/lib/thumb/v7e-m+fp/hard\libnosys.a(kill.o)
 .text          0x00000cd4        0x0 c:/ti/ccs1260/ccs/tools/compiler/gcc-arm-none-eabi-9-2019-q4-major/bin/../lib/gcc/arm-none-eabi/9.2.1/../../../../arm-none-eabi/lib/thumb/v7e-m+fp/hard\libnosys.a(lseek.o)
 .text          0x00000cd4        0x0 c:/ti/ccs1260/ccs/tools/compiler/gcc-arm-none-eabi-9-2019-q4-major/bin/../lib/gcc/arm-none-eabi/9.2.1/../../../../arm-none-eabi/lib/thumb/v7e-m+fp/hard\libnosys.a(read.o)
 .text          0x00000cd4        0x0 c:/ti/ccs1260/ccs/tools/compiler/gcc-arm-none-eabi-9-2019-q4-major/bin/../lib/gcc/arm-none-eabi/9.2.1/../../../../arm-none-eabi/lib/thumb/v7e-m+fp/hard\libnosys.a(write.o)
 .text          0x00000cd4        0x0 c:/ti/ccs1260/ccs/tools/compiler/gcc-arm-none-eabi-9-2019-q4-major/bin/../lib/gcc/arm-none-eabi/9.2.1/../../../../arm-none-eabi/lib/thumb/v7e-m+fp/hard\libnosys.a(_exit.o)
 .text          0x00000cd4        0x0 c:/ti/ccs1260/ccs/tools/compiler/gcc-arm-none-eabi-9-2019-q4-major/bin/../lib/gcc/arm-none-eabi/9.2.1/../../../../arm-none-eabi/lib/thumb/v7e-m+fp/hard\libstdc++_nano.a(del_op.o)
 .text          0x00000cd4        0x0 c:/ti/ccs1260/ccs/tools/compiler/gcc-arm-none-eabi-9-2019-q4-major/bin/../lib/gcc/arm-none-eabi/9.2.1/../../../../arm-none-eabi/lib/thumb/v7e-m+fp/hard\libstdc++_nano.a(del_opv.o)
 .text          0x00000cd4        0x0 c:/ti/ccs1260/ccs/tools/compiler/gcc-arm-none-eabi-9-2019-q4-major/bin/../lib/gcc/arm-none-eabi/9.2.1/../../../../arm-none-eabi/lib/thumb/v7e-m+fp/hard\libstdc++_nano.a(new_op.o)
 .text          0x00000cd4        0x0 c:/ti/ccs1260/ccs/tools/compiler/gcc-arm-none-eabi-9-2019-q4-major/bin/../lib/gcc/arm-none-eabi/9.2.1/../../../../arm-none-eabi/lib/thumb/v7e-m+fp/hard\libstdc++_nano.a(new_opv.o)
 .text          0x00000cd4        0x0 c:/ti/ccs1260/ccs/tools/compiler/gcc-arm-none-eabi-9-2019-q4-major/bin/../lib/gcc/arm-none-eabi/9.2.1/../../../../arm-none-eabi/lib/thumb/v7e-m+fp/hard\libstdc++_nano.a(new_handler.o)
 .text          0x00000cd4      0x424 c:/ti/ccs1260/ccs/tools/compiler/gcc-arm-none-eabi-9-2019-q4-major/bin/../lib/gcc/arm-none-eabi/9.2.1/thumb/v7e-m+fp/hard\libgcc.a(_arm_muldivdf3.o)
                0x00000cd4                __aeabi_dmul
                0x00000cd4                __muldf3
                0x00000f28                __divdf3
                0x00000f28                __aeabi_ddiv
 .text          0x000010f8       0x2c c:/ti/ccs1260/ccs/tools/compiler/gcc-arm-none-eabi-9-2019-q4-major/bin/../lib/gcc/arm-none-eabi/9.2.1/thumb/v7e-m+fp/hard\libgcc.a(_arm_unorddf2.o)
                0x000010f8                __unorddf2
                0x000010f8                __aeabi_dcmpun
 .text          0x00001124       0xa0 c:/ti/ccs1260/ccs/tools/compiler/gcc-arm-none-eabi-9-2019-q4-major/bin/../lib/gcc/arm-none-eabi/9.2.1/thumb/v7e-m+fp/hard\libgcc.a(_arm_truncdfsf2.o)
                0x00001124                __truncdfsf2
                0x00001124                __aeabi_d2f
 .text          0x000011c4        0x0 c:/ti/ccs1260/ccs/tools/compiler/gcc-arm-none-eabi-9-2019-q4-major/bin/../lib/gcc/arm-none-eabi/9.2.1/../../../../arm-none-eabi/lib/thumb/v7e-m+fp/hard\libg_nano.a(lib_a-abort.o)
 .text          0x000011c4        0x0 c:/ti/ccs1260/ccs/tools/compiler/gcc-arm-none-eabi-9-2019-q4-major/bin/../lib/gcc/arm-none-eabi/9.2.1/../../../../arm-none-eabi/lib/thumb/v7e-m+fp/hard\libg_nano.a(lib_a-signal.o)
 .text          0x000011c4        0x0 c:/ti/ccs1260/ccs/tools/compiler/gcc-arm-none-eabi-9-2019-q4-major/bin/../lib/gcc/arm-none-eabi/9.2.1/../../../../arm-none-eabi/lib/thumb/v7e-m+fp/hard\libg_nano.a(lib_a-signalr.o)
 *(.text.*)
 .text.arm_nn_vec_mat_mult_t_s8.constprop.0
                0x000011c4      0x2f0 C:\Users\cesar\AppData\Local\Temp\micro_speech_MSP_EXP432P401R_nortos_gcc.out.3LU9Mx.ltrans0.ltrans.o
 .text.arm_nn_vec_mat_mult_t_s16
                0x000014b4      0x2e0 C:\Users\cesar\AppData\Local\Temp\micro_speech_MSP_EXP432P401R_nortos_gcc.out.3LU9Mx.ltrans0.ltrans.o
 .text.arm_nn_mat_mult_nt_t_s8
                0x00001794      0x9a4 C:\Users\cesar\AppData\Local\Temp\micro_speech_MSP_EXP432P401R_nortos_gcc.out.3LU9Mx.ltrans0.ltrans.o
 .text._ZN6tflite19GreedyMemoryPlanner14GetBufferCountEv
                0x00002138        0x4 C:\Users\cesar\AppData\Local\Temp\micro_speech_MSP_EXP432P401R_nortos_gcc.out.3LU9Mx.ltrans0.ltrans.o
                0x00002138                tflite::GreedyMemoryPlanner::GetBufferCount()
 .text._ZN6tflite19GreedyMemoryPlanner4InitEPhi
                0x0000213c       0x40 C:\Users\cesar\AppData\Local\Temp\micro_speech_MSP_EXP432P401R_nortos_gcc.out.3LU9Mx.ltrans0.ltrans.o
                0x0000213c                tflite::GreedyMemoryPlanner::Init(unsigned char*, int)
 .text._ZN6tflite12_GLOBAL__N_14InitEP13TfLiteContextPKcj.lto_priv.3
                0x0000217c        0x8 C:\Users\cesar\AppData\Local\Temp\micro_speech_MSP_EXP432P401R_nortos_gcc.out.3LU9Mx.ltrans0.ltrans.o
                0x0000217c                tflite::(anonymous namespace)::Init(TfLiteContext*, char const*, unsigned int) [clone .lto_priv.3]
 .text._ZN6tflite12_GLOBAL__N_14InitEP13TfLiteContextPKcj.lto_priv.2
                0x00002184        0x8 C:\Users\cesar\AppData\Local\Temp\micro_speech_MSP_EXP432P401R_nortos_gcc.out.3LU9Mx.ltrans0.ltrans.o
                0x00002184                tflite::(anonymous namespace)::Init(TfLiteContext*, char const*, unsigned int) [clone .lto_priv.2]
 .text._ZN6tflite12_GLOBAL__N_14InitEP13TfLiteContextPKcj.lto_priv.0.lto_priv.0
                0x0000218c        0x8 C:\Users\cesar\AppData\Local\Temp\micro_speech_MSP_EXP432P401R_nortos_gcc.out.3LU9Mx.ltrans0.ltrans.o
                0x0000218c                tflite::(anonymous namespace)::Init(TfLiteContext*, char const*, unsigned int) [clone .lto_priv.0] [clone .lto_priv.0]
 .text._ZN6tflite12_GLOBAL__N_14InitEP13TfLiteContextPKcj
                0x00002194        0x8 C:\Users\cesar\AppData\Local\Temp\micro_speech_MSP_EXP432P401R_nortos_gcc.out.3LU9Mx.ltrans0.ltrans.o
                0x00002194                tflite::(anonymous namespace)::Init(TfLiteContext*, char const*, unsigned int) [clone .lto_priv.1] [clone .lto_priv.0]
 .text._ZN6tflite3ops5micro7reshape13ReshapeOutputEP13TfLiteContextP10TfLiteNode
                0x0000219c      0x1f8 C:\Users\cesar\AppData\Local\Temp\micro_speech_MSP_EXP432P401R_nortos_gcc.out.3LU9Mx.ltrans0.ltrans.o
 .text._ZN6tflite3ops5micro7reshape7PrepareEP13TfLiteContextP10TfLiteNode
                0x00002394       0xa4 C:\Users\cesar\AppData\Local\Temp\micro_speech_MSP_EXP432P401R_nortos_gcc.out.3LU9Mx.ltrans0.ltrans.o
                0x00002394                tflite::ops::micro::reshape::Prepare(TfLiteContext*, TfLiteNode*)
 .text._ZNK6tflite26SingleArenaBufferAllocator18GetAvailableMemoryEj
                0x00002438       0x1c C:\Users\cesar\AppData\Local\Temp\micro_speech_MSP_EXP432P401R_nortos_gcc.out.3LU9Mx.ltrans0.ltrans.o
                0x00002438                tflite::SingleArenaBufferAllocator::GetAvailableMemory(unsigned int) const
 .text._ZNK6tflite26SingleArenaBufferAllocator22GetPersistentUsedBytesEv
                0x00002454        0x8 C:\Users\cesar\AppData\Local\Temp\micro_speech_MSP_EXP432P401R_nortos_gcc.out.3LU9Mx.ltrans0.ltrans.o
                0x00002454                tflite::SingleArenaBufferAllocator::GetPersistentUsedBytes() const
 .text._ZThn4_NK6tflite26SingleArenaBufferAllocator22GetPersistentUsedBytesEv
                0x0000245c        0x8 C:\Users\cesar\AppData\Local\Temp\micro_speech_MSP_EXP432P401R_nortos_gcc.out.3LU9Mx.ltrans0.ltrans.o
                0x0000245c                non-virtual thunk to tflite::SingleArenaBufferAllocator::GetPersistentUsedBytes() const
 .text._ZNK6tflite26SingleArenaBufferAllocator25GetNonPersistentUsedBytesEv
                0x00002464       0x10 C:\Users\cesar\AppData\Local\Temp\micro_speech_MSP_EXP432P401R_nortos_gcc.out.3LU9Mx.ltrans0.ltrans.o
                0x00002464                tflite::SingleArenaBufferAllocator::GetNonPersistentUsedBytes() const
 .text._ZNK6tflite26SingleArenaBufferAllocator23GetOverlayMemoryAddressEv
                0x00002474        0x4 C:\Users\cesar\AppData\Local\Temp\micro_speech_MSP_EXP432P401R_nortos_gcc.out.3LU9Mx.ltrans0.ltrans.o
                0x00002474                tflite::SingleArenaBufferAllocator::GetOverlayMemoryAddress() const
 .text._ZN6tflite26SingleArenaBufferAllocator14DeallocateTempEPh
                0x00002478       0x10 C:\Users\cesar\AppData\Local\Temp\micro_speech_MSP_EXP432P401R_nortos_gcc.out.3LU9Mx.ltrans0.ltrans.o
                0x00002478                tflite::SingleArenaBufferAllocator::DeallocateTemp(unsigned char*)
 .text._ZThn4_N6tflite26SingleArenaBufferAllocatorD0Ev
                0x00002488        0x4 C:\Users\cesar\AppData\Local\Temp\micro_speech_MSP_EXP432P401R_nortos_gcc.out.3LU9Mx.ltrans0.ltrans.o
                0x00002488                non-virtual thunk to tflite::SingleArenaBufferAllocator::~SingleArenaBufferAllocator()
 .text._ZThn4_N6tflite26SingleArenaBufferAllocatorD1Ev
                0x0000248c        0x4 C:\Users\cesar\AppData\Local\Temp\micro_speech_MSP_EXP432P401R_nortos_gcc.out.3LU9Mx.ltrans0.ltrans.o
                0x0000248c                non-virtual thunk to tflite::SingleArenaBufferAllocator::~SingleArenaBufferAllocator()
 .text._ZN15kissfft_fixed16L7kf_workEPNS_12kiss_fft_cpxEPKS0_jiPiPNS_14kiss_fft_stateE.constprop.1
                0x00002490      0x5b0 C:\Users\cesar\AppData\Local\Temp\micro_speech_MSP_EXP432P401R_nortos_gcc.out.3LU9Mx.ltrans0.ltrans.o
 .text.arm_convolve_s8.constprop.0
                0x00002a40      0x990 C:\Users\cesar\AppData\Local\Temp\micro_speech_MSP_EXP432P401R_nortos_gcc.out.3LU9Mx.ltrans0.ltrans.o
 .text.arm_nn_softmax_common_s8
                0x000033d0     0x13e4 C:\Users\cesar\AppData\Local\Temp\micro_speech_MSP_EXP432P401R_nortos_gcc.out.3LU9Mx.ltrans0.ltrans.o
 .text._ZN6tflite3ops5micro7reshape4EvalEP13TfLiteContextP10TfLiteNode
                0x000047b4       0x9c C:\Users\cesar\AppData\Local\Temp\micro_speech_MSP_EXP432P401R_nortos_gcc.out.3LU9Mx.ltrans0.ltrans.o
                0x000047b4                tflite::ops::micro::reshape::Eval(TfLiteContext*, TfLiteNode*)
 .text._ZN6tflite12_GLOBAL__N_17PrepareEP13TfLiteContextP10TfLiteNode.lto_priv.3
                0x00004850      0x9bc C:\Users\cesar\AppData\Local\Temp\micro_speech_MSP_EXP432P401R_nortos_gcc.out.3LU9Mx.ltrans0.ltrans.o
                0x00004850                tflite::(anonymous namespace)::Prepare(TfLiteContext*, TfLiteNode*) [clone .lto_priv.3]
 *fill*         0x0000520c        0x4 
 .text._ZN6tflite12_GLOBAL__N_17PrepareEP13TfLiteContextP10TfLiteNode.lto_priv.2
                0x00005210      0x430 C:\Users\cesar\AppData\Local\Temp\micro_speech_MSP_EXP432P401R_nortos_gcc.out.3LU9Mx.ltrans0.ltrans.o
                0x00005210                tflite::(anonymous namespace)::Prepare(TfLiteContext*, TfLiteNode*) [clone .lto_priv.2]
 .text._ZN6tflite12_GLOBAL__N_17PrepareEP13TfLiteContextP10TfLiteNode.lto_priv.1
                0x00005640      0x5a4 C:\Users\cesar\AppData\Local\Temp\micro_speech_MSP_EXP432P401R_nortos_gcc.out.3LU9Mx.ltrans0.ltrans.o
                0x00005640                tflite::(anonymous namespace)::Prepare(TfLiteContext*, TfLiteNode*) [clone .lto_priv.1]
 .text._ZN6tflite12_GLOBAL__N_17PrepareEP13TfLiteContextP10TfLiteNode.lto_priv.0
                0x00005be4      0x524 C:\Users\cesar\AppData\Local\Temp\micro_speech_MSP_EXP432P401R_nortos_gcc.out.3LU9Mx.ltrans0.ltrans.o
                0x00005be4                tflite::(anonymous namespace)::Prepare(TfLiteContext*, TfLiteNode*) [clone .lto_priv.0]
 .text._ZN15kissfft_fixed16L7kf_workEPNS_12kiss_fft_cpxEPKS0_jiPiPNS_14kiss_fft_stateE.constprop.0
                0x00006108      0x5c4 C:\Users\cesar\AppData\Local\Temp\micro_speech_MSP_EXP432P401R_nortos_gcc.out.3LU9Mx.ltrans0.ltrans.o
                0x00006108                kissfft_fixed16::kf_work(kissfft_fixed16::kiss_fft_cpx*, kissfft_fixed16::kiss_fft_cpx const*, unsigned int, int, int*, kissfft_fixed16::kiss_fft_state*) [clone .constprop.0]
 .text._ZN6tflite19GreedyMemoryPlanner24CalculateOffsetsIfNeededEv
                0x000066cc      0x248 C:\Users\cesar\AppData\Local\Temp\micro_speech_MSP_EXP432P401R_nortos_gcc.out.3LU9Mx.ltrans0.ltrans.o
                0x000066cc                tflite::GreedyMemoryPlanner::CalculateOffsetsIfNeeded()
 .text._ZN6tflite19GreedyMemoryPlanner20GetMaximumMemorySizeEv
                0x00006914       0x48 C:\Users\cesar\AppData\Local\Temp\micro_speech_MSP_EXP432P401R_nortos_gcc.out.3LU9Mx.ltrans0.ltrans.o
                0x00006914                tflite::GreedyMemoryPlanner::GetMaximumMemorySize()
 .text._ZN6tflite19GreedyMemoryPlannerD2Ev
                0x0000695c        0x4 C:\Users\cesar\AppData\Local\Temp\micro_speech_MSP_EXP432P401R_nortos_gcc.out.3LU9Mx.ltrans0.ltrans.o
                0x0000695c                tflite::GreedyMemoryPlanner::~GreedyMemoryPlanner()
                0x0000695c                tflite::GreedyMemoryPlanner::~GreedyMemoryPlanner()
                0x0000695c                tflite::GreedyMemoryPlanner::~GreedyMemoryPlanner()
 .text._ZN6tflite26SingleArenaBufferAllocatorD2Ev
                0x00006960        0x4 C:\Users\cesar\AppData\Local\Temp\micro_speech_MSP_EXP432P401R_nortos_gcc.out.3LU9Mx.ltrans0.ltrans.o
                0x00006960                tflite::SingleArenaBufferAllocator::~SingleArenaBufferAllocator()
                0x00006960                tflite::SingleArenaBufferAllocator::~SingleArenaBufferAllocator()
                0x00006960                tflite::SingleArenaBufferAllocator::~SingleArenaBufferAllocator()
 .text._Z3LogPKcSt9__va_list
                0x00006964      0x554 C:\Users\cesar\AppData\Local\Temp\micro_speech_MSP_EXP432P401R_nortos_gcc.out.3LU9Mx.ltrans0.ltrans.o
                0x00006964                Log(char const*, std::__va_list)
 .text._ZN6tflite13ErrorReporter11ReportErrorEPvPKcz.constprop.0
                0x00006eb8       0x40 C:\Users\cesar\AppData\Local\Temp\micro_speech_MSP_EXP432P401R_nortos_gcc.out.3LU9Mx.ltrans0.ltrans.o
                0x00006eb8                tflite::ErrorReporter::ReportError(void*, char const*, ...) [clone .constprop.0]
 .text._Z11MicroPrintfPKcz
                0x00006ef8       0x1c C:\Users\cesar\AppData\Local\Temp\micro_speech_MSP_EXP432P401R_nortos_gcc.out.3LU9Mx.ltrans0.ltrans.o
                0x00006ef8                MicroPrintf(char const*, ...)
 .text._ZN6tflite22MicroMutableOpResolverILj5EE10AddBuiltinENS_15BuiltinOperatorERK18TfLiteRegistrationPF12TfLiteStatusPKNS_8OperatorEPNS_13ErrorReporterEPNS_20BuiltinDataAllocatorEPPvE.constprop.0
                0x00006f14       0xa0 C:\Users\cesar\AppData\Local\Temp\micro_speech_MSP_EXP432P401R_nortos_gcc.out.3LU9Mx.ltrans0.ltrans.o
                0x00006f14                tflite::MicroMutableOpResolver<5u>::AddBuiltin(tflite::BuiltinOperator, TfLiteRegistration const&, TfLiteStatus (*)(tflite::Operator const*, tflite::ErrorReporter*, tflite::BuiltinDataAllocator*, void**)) [clone .constprop.0]
 .text._ZN6tflite19GreedyMemoryPlanner18GetOffsetForBufferEiPi
                0x00006fb4       0x30 C:\Users\cesar\AppData\Local\Temp\micro_speech_MSP_EXP432P401R_nortos_gcc.out.3LU9Mx.ltrans0.ltrans.o
                0x00006fb4                tflite::GreedyMemoryPlanner::GetOffsetForBuffer(int, int*)
 .text._ZN6tflite19GreedyMemoryPlanner15PrintMemoryPlanEv
                0x00006fe4      0x274 C:\Users\cesar\AppData\Local\Temp\micro_speech_MSP_EXP432P401R_nortos_gcc.out.3LU9Mx.ltrans0.ltrans.o
                0x00006fe4                tflite::GreedyMemoryPlanner::PrintMemoryPlan()
 .text._ZN6tflite19GreedyMemoryPlanner9AddBufferEiii
                0x00007258       0x40 C:\Users\cesar\AppData\Local\Temp\micro_speech_MSP_EXP432P401R_nortos_gcc.out.3LU9Mx.ltrans0.ltrans.o
                0x00007258                tflite::GreedyMemoryPlanner::AddBuffer(int, int, int)
 .text._ZN6tflite19GreedyMemoryPlanner9AddBufferEiiii
                0x00007298       0x6c C:\Users\cesar\AppData\Local\Temp\micro_speech_MSP_EXP432P401R_nortos_gcc.out.3LU9Mx.ltrans0.ltrans.o
                0x00007298                tflite::GreedyMemoryPlanner::AddBuffer(int, int, int, int)
 .text._ZN6tflite12_GLOBAL__N_111SoftmaxEvalEP13TfLiteContextP10TfLiteNode.lto_priv.0
                0x00007304      0x408 C:\Users\cesar\AppData\Local\Temp\micro_speech_MSP_EXP432P401R_nortos_gcc.out.3LU9Mx.ltrans0.ltrans.o
                0x00007304                tflite::(anonymous namespace)::SoftmaxEval(TfLiteContext*, TfLiteNode*) [clone .lto_priv.0]
 .text._ZN6tflite12_GLOBAL__N_14EvalEP13TfLiteContextP10TfLiteNode.lto_priv.2
                0x0000770c      0x548 C:\Users\cesar\AppData\Local\Temp\micro_speech_MSP_EXP432P401R_nortos_gcc.out.3LU9Mx.ltrans0.ltrans.o
                0x0000770c                tflite::(anonymous namespace)::Eval(TfLiteContext*, TfLiteNode*) [clone .lto_priv.2]
 .text._ZN6tflite12_GLOBAL__N_14EvalEP13TfLiteContextP10TfLiteNode.lto_priv.1
                0x00007c54     0x20b4 C:\Users\cesar\AppData\Local\Temp\micro_speech_MSP_EXP432P401R_nortos_gcc.out.3LU9Mx.ltrans0.ltrans.o
                0x00007c54                tflite::(anonymous namespace)::Eval(TfLiteContext*, TfLiteNode*) [clone .lto_priv.1]
 .text._ZN6tflite12_GLOBAL__N_14EvalEP13TfLiteContextP10TfLiteNode.lto_priv.0
                0x00009d08     0x15a8 C:\Users\cesar\AppData\Local\Temp\micro_speech_MSP_EXP432P401R_nortos_gcc.out.3LU9Mx.ltrans0.ltrans.o
                0x00009d08                tflite::(anonymous namespace)::Eval(TfLiteContext*, TfLiteNode*) [clone .lto_priv.0]
 .text._ZN6tflite26SingleArenaBufferAllocator20IsAllTempDeallocatedEv
                0x0000b2b0       0x24 C:\Users\cesar\AppData\Local\Temp\micro_speech_MSP_EXP432P401R_nortos_gcc.out.3LU9Mx.ltrans0.ltrans.o
                0x0000b2b0                tflite::SingleArenaBufferAllocator::IsAllTempDeallocated()
 .text._ZN6tflite26SingleArenaBufferAllocator20ResetTempAllocationsEv
                0x0000b2d4       0x50 C:\Users\cesar\AppData\Local\Temp\micro_speech_MSP_EXP432P401R_nortos_gcc.out.3LU9Mx.ltrans0.ltrans.o
                0x0000b2d4                tflite::SingleArenaBufferAllocator::ResetTempAllocations()
 .text._ZN6tflite26SingleArenaBufferAllocator12AllocateTempEjj
                0x0000b324       0x40 C:\Users\cesar\AppData\Local\Temp\micro_speech_MSP_EXP432P401R_nortos_gcc.out.3LU9Mx.ltrans0.ltrans.o
                0x0000b324                tflite::SingleArenaBufferAllocator::AllocateTemp(unsigned int, unsigned int)
 .text._ZN6tflite26SingleArenaBufferAllocator24AllocatePersistentBufferEjj
                0x0000b364       0x30 C:\Users\cesar\AppData\Local\Temp\micro_speech_MSP_EXP432P401R_nortos_gcc.out.3LU9Mx.ltrans0.ltrans.o
                0x0000b364                tflite::SingleArenaBufferAllocator::AllocatePersistentBuffer(unsigned int, unsigned int)
 .text._ZThn4_N6tflite26SingleArenaBufferAllocator24AllocatePersistentBufferEjj
                0x0000b394       0x30 C:\Users\cesar\AppData\Local\Temp\micro_speech_MSP_EXP432P401R_nortos_gcc.out.3LU9Mx.ltrans0.ltrans.o
                0x0000b394                non-virtual thunk to tflite::SingleArenaBufferAllocator::AllocatePersistentBuffer(unsigned int, unsigned int)
 .text._ZN6tflite26SingleArenaBufferAllocator12ResizeBufferEPhjj
                0x0000b3c4       0x50 C:\Users\cesar\AppData\Local\Temp\micro_speech_MSP_EXP432P401R_nortos_gcc.out.3LU9Mx.ltrans0.ltrans.o
                0x0000b3c4                tflite::SingleArenaBufferAllocator::ResizeBuffer(unsigned char*, unsigned int, unsigned int)
 .text._ZN6tflite26SingleArenaBufferAllocator33ReserveNonPersistentOverlayMemoryEjj
                0x0000b414       0x6c C:\Users\cesar\AppData\Local\Temp\micro_speech_MSP_EXP432P401R_nortos_gcc.out.3LU9Mx.ltrans0.ltrans.o
                0x0000b414                tflite::SingleArenaBufferAllocator::ReserveNonPersistentOverlayMemory(unsigned int, unsigned int)
 .text._ZN6tflite26SingleArenaBufferAllocator25DeallocateResizableBufferEPh
                0x0000b480       0x44 C:\Users\cesar\AppData\Local\Temp\micro_speech_MSP_EXP432P401R_nortos_gcc.out.3LU9Mx.ltrans0.ltrans.o
                0x0000b480                tflite::SingleArenaBufferAllocator::DeallocateResizableBuffer(unsigned char*)
 .text._ZN6tflite26SingleArenaBufferAllocator23AllocateResizableBufferEjj
                0x0000b4c4       0x6c C:\Users\cesar\AppData\Local\Temp\micro_speech_MSP_EXP432P401R_nortos_gcc.out.3LU9Mx.ltrans0.ltrans.o
                0x0000b4c4                tflite::SingleArenaBufferAllocator::AllocateResizableBuffer(unsigned int, unsigned int)
 .text._ZN6tflite30MicroContextGetExternalContextEP13TfLiteContext25TfLiteExternalContextType
                0x0000b530        0x8 C:\Users\cesar\AppData\Local\Temp\micro_speech_MSP_EXP432P401R_nortos_gcc.out.3LU9Mx.ltrans1.ltrans.o
 .text._ZNK6tflite22MicroMutableOpResolverILj5EE15GetOpDataParserENS_15BuiltinOperatorE
                0x0000b538       0x5c C:\Users\cesar\AppData\Local\Temp\micro_speech_MSP_EXP432P401R_nortos_gcc.out.3LU9Mx.ltrans1.ltrans.o
 .text._ZNK6tflite22MicroMutableOpResolverILj5EE6FindOpENS_15BuiltinOperatorE
                0x0000b594       0x60 C:\Users\cesar\AppData\Local\Temp\micro_speech_MSP_EXP432P401R_nortos_gcc.out.3LU9Mx.ltrans1.ltrans.o
                0x0000b594                tflite::MicroMutableOpResolver<5u>::FindOp(tflite::BuiltinOperator) const
 .text._ZNK6tflite15MicroOpResolver6FindOpENS_15BuiltinOperatorEi
                0x0000b5f4       0x7c C:\Users\cesar\AppData\Local\Temp\micro_speech_MSP_EXP432P401R_nortos_gcc.out.3LU9Mx.ltrans1.ltrans.o
 .text._ZN6tflite10MicroGraph12NumSubgraphsEv
                0x0000b670       0x20 C:\Users\cesar\AppData\Local\Temp\micro_speech_MSP_EXP432P401R_nortos_gcc.out.3LU9Mx.ltrans1.ltrans.o
 .text._ZN6tflite10MicroGraphD2Ev
                0x0000b690        0x4 C:\Users\cesar\AppData\Local\Temp\micro_speech_MSP_EXP432P401R_nortos_gcc.out.3LU9Mx.ltrans1.ltrans.o
 .text._ZN6tflite12MicroContextD2Ev
                0x0000b694        0x4 C:\Users\cesar\AppData\Local\Temp\micro_speech_MSP_EXP432P401R_nortos_gcc.out.3LU9Mx.ltrans1.ltrans.o
 .text._ZN6tflite12MicroContext13GetEvalTensorEi
                0x0000b698       0x18 C:\Users\cesar\AppData\Local\Temp\micro_speech_MSP_EXP432P401R_nortos_gcc.out.3LU9Mx.ltrans1.ltrans.o
 .text._ZN6tflite25MicroContextGetEvalTensorEPK13TfLiteContexti
                0x0000b6b0       0x34 C:\Users\cesar\AppData\Local\Temp\micro_speech_MSP_EXP432P401R_nortos_gcc.out.3LU9Mx.ltrans1.ltrans.o
 .text._ZN6tflite12MicroContext16GetScratchBufferEi
                0x0000b6e4        0x8 C:\Users\cesar\AppData\Local\Temp\micro_speech_MSP_EXP432P401R_nortos_gcc.out.3LU9Mx.ltrans1.ltrans.o
 .text._ZN6tflite28MicroContextGetScratchBufferEP13TfLiteContexti
                0x0000b6ec       0x24 C:\Users\cesar\AppData\Local\Temp\micro_speech_MSP_EXP432P401R_nortos_gcc.out.3LU9Mx.ltrans1.ltrans.o
 .text._ZN6tflite10MicroGraph17GetSubgraphOutputEii
                0x0000b710       0x60 C:\Users\cesar\AppData\Local\Temp\micro_speech_MSP_EXP432P401R_nortos_gcc.out.3LU9Mx.ltrans1.ltrans.o
 .text._ZN6tflite10MicroGraph18NumSubgraphOutputsEi
                0x0000b770       0x44 C:\Users\cesar\AppData\Local\Temp\micro_speech_MSP_EXP432P401R_nortos_gcc.out.3LU9Mx.ltrans1.ltrans.o
 .text._ZN6tflite10MicroGraph16GetSubgraphInputEii
                0x0000b7b4       0x60 C:\Users\cesar\AppData\Local\Temp\micro_speech_MSP_EXP432P401R_nortos_gcc.out.3LU9Mx.ltrans1.ltrans.o
 .text._ZN6tflite10MicroGraph17NumSubgraphInputsEi
                0x0000b814       0x44 C:\Users\cesar\AppData\Local\Temp\micro_speech_MSP_EXP432P401R_nortos_gcc.out.3LU9Mx.ltrans1.ltrans.o
 .text._ZN6tflite10MicroGraph13FreeSubgraphsEv
                0x0000b858       0x8c C:\Users\cesar\AppData\Local\Temp\micro_speech_MSP_EXP432P401R_nortos_gcc.out.3LU9Mx.ltrans1.ltrans.o
 .text._ZN6tflite16MicroInterpreterD2Ev
                0x0000b8e4       0x14 C:\Users\cesar\AppData\Local\Temp\micro_speech_MSP_EXP432P401R_nortos_gcc.out.3LU9Mx.ltrans1.ltrans.o
 .text._ZN6tflite10MicroGraph13InitSubgraphsEv
                0x0000b8f8       0xa4 C:\Users\cesar\AppData\Local\Temp\micro_speech_MSP_EXP432P401R_nortos_gcc.out.3LU9Mx.ltrans1.ltrans.o
 .text._ZN6tflite14MicroAllocator26DeallocateTempTfLiteTensorEP12TfLiteTensor
                0x0000b99c       0x80 C:\Users\cesar\AppData\Local\Temp\micro_speech_MSP_EXP432P401R_nortos_gcc.out.3LU9Mx.ltrans1.ltrans.o
 .text._ZN6tflite12MicroContext26DeallocateTempTfLiteTensorEP12TfLiteTensor
                0x0000ba1c       0x94 C:\Users\cesar\AppData\Local\Temp\micro_speech_MSP_EXP432P401R_nortos_gcc.out.3LU9Mx.ltrans1.ltrans.o
 .text._ZN6tflite12_GLOBAL__N_125MicroBuiltinDataAllocatorD2Ev
                0x0000bab0        0x4 C:\Users\cesar\AppData\Local\Temp\micro_speech_MSP_EXP432P401R_nortos_gcc.out.3LU9Mx.ltrans1.ltrans.o
 .text._ZN6tflite14MicroAllocatorD2Ev
                0x0000bab4        0x4 C:\Users\cesar\AppData\Local\Temp\micro_speech_MSP_EXP432P401R_nortos_gcc.out.3LU9Mx.ltrans1.ltrans.o
 .text._ZN6tflite12_GLOBAL__N_125MicroBuiltinDataAllocator10DeallocateEPv
                0x0000bab8        0x4 C:\Users\cesar\AppData\Local\Temp\micro_speech_MSP_EXP432P401R_nortos_gcc.out.3LU9Mx.ltrans1.ltrans.o
 .text._ZN6tflite21AllocationInfoBuilder23MarkAllocationLifetimesEiPNS_8internal20ScratchBufferRequestEPNS_19ScratchBufferHandleEPNS_19SubgraphAllocationsE
                0x0000babc      0x474 C:\Users\cesar\AppData\Local\Temp\micro_speech_MSP_EXP432P401R_nortos_gcc.out.3LU9Mx.ltrans1.ltrans.o
 .text._ZN6tflite16TfLiteTypeSizeOfE10TfLiteTypePj
                0x0000bf30       0x48 C:\Users\cesar\AppData\Local\Temp\micro_speech_MSP_EXP432P401R_nortos_gcc.out.3LU9Mx.ltrans1.ltrans.o
                0x0000bf30                tflite::TfLiteTypeSizeOf(TfLiteType, unsigned int*)
 .text.dmaErrorFxn
                0x0000bf78       0x18 C:\Users\cesar\AppData\Local\Temp\micro_speech_MSP_EXP432P401R_nortos_gcc.out.3LU9Mx.ltrans1.ltrans.o
 .text._ZN6tflite22MicroMutableOpResolverILj5EED2Ev
                0x0000bf90        0x4 C:\Users\cesar\AppData\Local\Temp\micro_speech_MSP_EXP432P401R_nortos_gcc.out.3LU9Mx.ltrans1.ltrans.o
 .text._ZNK6tflite10OpResolver24MayContainUserDefinedOpsEv
                0x0000bf94        0x4 C:\Users\cesar\AppData\Local\Temp\micro_speech_MSP_EXP432P401R_nortos_gcc.out.3LU9Mx.ltrans1.ltrans.o
 .text._ZNK6tflite10OpResolver19GetDelegateCreatorsEv
                0x0000bf98        0xc C:\Users\cesar\AppData\Local\Temp\micro_speech_MSP_EXP432P401R_nortos_gcc.out.3LU9Mx.ltrans1.ltrans.o
 .text._ZNK6tflite10OpResolver12GetDelegatesEi
                0x0000bfa4        0xc C:\Users\cesar\AppData\Local\Temp\micro_speech_MSP_EXP432P401R_nortos_gcc.out.3LU9Mx.ltrans1.ltrans.o
 .text._ZN6tflite18MicroErrorReporterD2Ev
                0x0000bfb0        0x4 C:\Users\cesar\AppData\Local\Temp\micro_speech_MSP_EXP432P401R_nortos_gcc.out.3LU9Mx.ltrans1.ltrans.o
 .text._ZN6tflite14MicroAllocator24AllocatePersistentBufferEj
                0x0000bfb4       0x44 C:\Users\cesar\AppData\Local\Temp\micro_speech_MSP_EXP432P401R_nortos_gcc.out.3LU9Mx.ltrans1.ltrans.o
 .text._ZN6tflite21MicroContextGetTensorEPK13TfLiteContexti
                0x0000bff8       0xe4 C:\Users\cesar\AppData\Local\Temp\micro_speech_MSP_EXP432P401R_nortos_gcc.out.3LU9Mx.ltrans1.ltrans.o
 .text._ZN6tflite12MicroContext27RequestScratchBufferInArenaEjPi
                0x0000c0dc       0x64 C:\Users\cesar\AppData\Local\Temp\micro_speech_MSP_EXP432P401R_nortos_gcc.out.3LU9Mx.ltrans1.ltrans.o
 .text._ZN6tflite39MicroContextRequestScratchBufferInArenaEP13TfLiteContextjPi
                0x0000c140       0x80 C:\Users\cesar\AppData\Local\Temp\micro_speech_MSP_EXP432P401R_nortos_gcc.out.3LU9Mx.ltrans1.ltrans.o
 .text._ZN6tflite36MicroContextAllocatePersistentBufferEP13TfLiteContextj
                0x0000c1c0       0x68 C:\Users\cesar\AppData\Local\Temp\micro_speech_MSP_EXP432P401R_nortos_gcc.out.3LU9Mx.ltrans1.ltrans.o
 .text._ZN6tflite10MicroGraph14InvokeSubgraphEi
                0x0000c228      0x1b4 C:\Users\cesar\AppData\Local\Temp\micro_speech_MSP_EXP432P401R_nortos_gcc.out.3LU9Mx.ltrans1.ltrans.o
 .text._ZN6tflite10MicroGraph16PrepareSubgraphsEv
                0x0000c3dc      0x204 C:\Users\cesar\AppData\Local\Temp\micro_speech_MSP_EXP432P401R_nortos_gcc.out.3LU9Mx.ltrans1.ltrans.o
 .text._ZN6tflite12MicroContext30AllocateTempIntermediateTensorEPK10TfLiteNodei
                0x0000c5e0      0x10c C:\Users\cesar\AppData\Local\Temp\micro_speech_MSP_EXP432P401R_nortos_gcc.out.3LU9Mx.ltrans1.ltrans.o
 .text._ZN6tflite12MicroContext24AllocateTempOutputTensorEPK10TfLiteNodei
                0x0000c6ec      0x10c C:\Users\cesar\AppData\Local\Temp\micro_speech_MSP_EXP432P401R_nortos_gcc.out.3LU9Mx.ltrans1.ltrans.o
 .text._ZN6tflite12MicroContext23AllocateTempInputTensorEPK10TfLiteNodei
                0x0000c7f8      0x10c C:\Users\cesar\AppData\Local\Temp\micro_speech_MSP_EXP432P401R_nortos_gcc.out.3LU9Mx.ltrans1.ltrans.o
 .text._ZN6tflite12MicroContext24AllocateTempTfLiteTensorEi
                0x0000c904       0xd4 C:\Users\cesar\AppData\Local\Temp\micro_speech_MSP_EXP432P401R_nortos_gcc.out.3LU9Mx.ltrans1.ltrans.o
 .text._ZN6tflite12MicroContext24AllocatePersistentBufferEj
                0x0000c9d8       0x58 C:\Users\cesar\AppData\Local\Temp\micro_speech_MSP_EXP432P401R_nortos_gcc.out.3LU9Mx.ltrans1.ltrans.o
 .text._ZN6tflite14MicroAllocator28AllocateScratchBufferHandlesEPPNS_19ScratchBufferHandleEj
                0x0000ca30       0x5c C:\Users\cesar\AppData\Local\Temp\micro_speech_MSP_EXP432P401R_nortos_gcc.out.3LU9Mx.ltrans1.ltrans.o
 .text._ZN6tflite14MicroAllocator38AllocatePersistentTfLiteTensorInternalEv
                0x0000ca8c       0x44 C:\Users\cesar\AppData\Local\Temp\micro_speech_MSP_EXP432P401R_nortos_gcc.out.3LU9Mx.ltrans1.ltrans.o
 .text._ZN6tflite14MicroAllocator17AllocateVariablesEPKNS_8SubGraphEP16TfLiteEvalTensor
                0x0000cad0      0x114 C:\Users\cesar\AppData\Local\Temp\micro_speech_MSP_EXP432P401R_nortos_gcc.out.3LU9Mx.ltrans1.ltrans.o
 .text._ZN6tflite14MicroAllocator20IsAllTempDeallocatedEv
                0x0000cbe4       0x34 C:\Users\cesar\AppData\Local\Temp\micro_speech_MSP_EXP432P401R_nortos_gcc.out.3LU9Mx.ltrans1.ltrans.o
 .text._ZN6tflite14MicroAllocator20ResetTempAllocationsEv
                0x0000cc18       0x64 C:\Users\cesar\AppData\Local\Temp\micro_speech_MSP_EXP432P401R_nortos_gcc.out.3LU9Mx.ltrans1.ltrans.o
 .text._ZN6tflite14MicroAllocator30AllocatePersistentTfLiteTensorEPKNS_5ModelEPKNS_19SubgraphAllocationsEii
                0x0000cc7c       0xb4 C:\Users\cesar\AppData\Local\Temp\micro_speech_MSP_EXP432P401R_nortos_gcc.out.3LU9Mx.ltrans1.ltrans.o
 .text._ZN6tflite14MicroAllocator28AllocateNodeAndRegistrationsEPKNS_5ModelEPNS_19SubgraphAllocationsE
                0x0000cd30       0xc8 C:\Users\cesar\AppData\Local\Temp\micro_speech_MSP_EXP432P401R_nortos_gcc.out.3LU9Mx.ltrans1.ltrans.o
 .text._ZN6tflite12_GLOBAL__N_125MicroBuiltinDataAllocator8AllocateEjj
                0x0000cdf8       0x4c C:\Users\cesar\AppData\Local\Temp\micro_speech_MSP_EXP432P401R_nortos_gcc.out.3LU9Mx.ltrans1.ltrans.o
 .text._ZN6tflite12ParseSoftmaxEPKNS_8OperatorEPNS_13ErrorReporterEPNS_20BuiltinDataAllocatorEPPv
                0x0000ce44       0xa8 C:\Users\cesar\AppData\Local\Temp\micro_speech_MSP_EXP432P401R_nortos_gcc.out.3LU9Mx.ltrans1.ltrans.o
 .text._ZN6tflite20ParseDepthwiseConv2DEPKNS_8OperatorEPNS_13ErrorReporterEPNS_20BuiltinDataAllocatorEPPv
                0x0000ceec      0x15c C:\Users\cesar\AppData\Local\Temp\micro_speech_MSP_EXP432P401R_nortos_gcc.out.3LU9Mx.ltrans1.ltrans.o
 .text._ZN6tflite11ParseConv2DEPKNS_8OperatorEPNS_13ErrorReporterEPNS_20BuiltinDataAllocatorEPPv
                0x0000d048      0x13c C:\Users\cesar\AppData\Local\Temp\micro_speech_MSP_EXP432P401R_nortos_gcc.out.3LU9Mx.ltrans1.ltrans.o
 .text._ZNK6tflite22MicroMutableOpResolverILj5EE6FindOpEPKc
                0x0000d184       0x9c C:\Users\cesar\AppData\Local\Temp\micro_speech_MSP_EXP432P401R_nortos_gcc.out.3LU9Mx.ltrans1.ltrans.o
 .text._ZNK6tflite15MicroOpResolver6FindOpEPKci
                0x0000d220       0xac C:\Users\cesar\AppData\Local\Temp\micro_speech_MSP_EXP432P401R_nortos_gcc.out.3LU9Mx.ltrans1.ltrans.o
 .text._ZN6tflite10MicroGraph20ResetVariableTensorsEv
                0x0000d2cc      0x180 C:\Users\cesar\AppData\Local\Temp\micro_speech_MSP_EXP432P401R_nortos_gcc.out.3LU9Mx.ltrans1.ltrans.o
 .text._ZN6tflite18MicroErrorReporter6ReportEPKcSt9__va_list
                0x0000d44c       0x10 C:\Users\cesar\AppData\Local\Temp\micro_speech_MSP_EXP432P401R_nortos_gcc.out.3LU9Mx.ltrans1.ltrans.o
                0x0000d44c                tflite::MicroErrorReporter::Report(char const*, std::__va_list)
 .text._ZN6tflite25MicroContextReportOpErrorEP13TfLiteContextPKcz
                0x0000d45c       0x58 C:\Users\cesar\AppData\Local\Temp\micro_speech_MSP_EXP432P401R_nortos_gcc.out.3LU9Mx.ltrans1.ltrans.o
 .text._ZN6tflite13ErrorReporter6ReportEPKcz
                0x0000d4b4       0x40 C:\Users\cesar\AppData\Local\Temp\micro_speech_MSP_EXP432P401R_nortos_gcc.out.3LU9Mx.ltrans1.ltrans.o
 .text._ZN6tflite16MicroInterpreter15AllocateTensorsEv
                0x0000d4f4      0xcc8 C:\Users\cesar\AppData\Local\Temp\micro_speech_MSP_EXP432P401R_nortos_gcc.out.3LU9Mx.ltrans1.ltrans.o
 .text._ZN6tflite17ConvertTensorTypeENS_10TensorTypeEP10TfLiteTypePNS_13ErrorReporterE
                0x0000e1bc       0xc4 C:\Users\cesar\AppData\Local\Temp\micro_speech_MSP_EXP432P401R_nortos_gcc.out.3LU9Mx.ltrans1.ltrans.o
 .text._ZN6tflite8internal36InitializeTfLiteTensorFromFlatbufferEPNS_26IPersistentBufferAllocatorEPNS_29INonPersistentBufferAllocatorEbRKNS_6TensorEPKN11flatbuffers6VectorINS8_6OffsetINS_6BufferEEEEEP12TfLiteTensor
                0x0000e280      0x4d8 C:\Users\cesar\AppData\Local\Temp\micro_speech_MSP_EXP432P401R_nortos_gcc.out.3LU9Mx.ltrans1.ltrans.o
 .text._ZN6tflite14MicroAllocator34PopulateTfLiteTensorFromFlatbufferEPKNS_5ModelEP12TfLiteTensoriib
                0x0000e758       0x94 C:\Users\cesar\AppData\Local\Temp\micro_speech_MSP_EXP432P401R_nortos_gcc.out.3LU9Mx.ltrans1.ltrans.o
 .text._ZN6tflite14MicroAllocator24AllocateTempTfLiteTensorEPKNS_5ModelEPKNS_19SubgraphAllocationsEii
                0x0000e7ec      0x138 C:\Users\cesar\AppData\Local\Temp\micro_speech_MSP_EXP432P401R_nortos_gcc.out.3LU9Mx.ltrans1.ltrans.o
 .text._ZN6tflite14MicroAllocator25AllocateTfLiteEvalTensorsEPKNS_5ModelEPNS_19SubgraphAllocationsE
                0x0000e924      0x320 C:\Users\cesar\AppData\Local\Temp\micro_speech_MSP_EXP432P401R_nortos_gcc.out.3LU9Mx.ltrans1.ltrans.o
 .text._ZN6tflite12ParseReshapeEPKNS_8OperatorEPNS_13ErrorReporterEPNS_20BuiltinDataAllocatorEPPv
                0x0000ec44      0x13c C:\Users\cesar\AppData\Local\Temp\micro_speech_MSP_EXP432P401R_nortos_gcc.out.3LU9Mx.ltrans1.ltrans.o
 .text._ZN6tflite19ParseFullyConnectedEPKNS_8OperatorEPNS_13ErrorReporterEPNS_20BuiltinDataAllocatorEPPv
                0x0000ed80      0x148 C:\Users\cesar\AppData\Local\Temp\micro_speech_MSP_EXP432P401R_nortos_gcc.out.3LU9Mx.ltrans1.ltrans.o
 .text._ZN6tflite14MicroAllocator22CommitStaticMemoryPlanEPKNS_5ModelEPNS_19SubgraphAllocationsEPNS_19ScratchBufferHandleE
                0x0000eec8      0x93c C:\Users\cesar\AppData\Local\Temp\micro_speech_MSP_EXP432P401R_nortos_gcc.out.3LU9Mx.ltrans1.ltrans.o
 .text.debugDisplayPrint
                0x0000f804       0x14 C:\Users\cesar\AppData\Local\Temp\micro_speech_MSP_EXP432P401R_nortos_gcc.out.3LU9Mx.ltrans1.ltrans.o
 .text.adcBufCallback
                0x0000f818       0x54 C:\Users\cesar\AppData\Local\Temp\micro_speech_MSP_EXP432P401R_nortos_gcc.out.3LU9Mx.ltrans1.ltrans.o
 .text._ZN6tflite33CalculateActivationRangeQuantizedEP13TfLiteContext21TfLiteFusedActivationP12TfLiteTensorPlS5_
                0x0000f86c      0x1a8 C:\Users\cesar\AppData\Local\Temp\micro_speech_MSP_EXP432P401R_nortos_gcc.out.3LU9Mx.ltrans1.ltrans.o
                0x0000f86c                tflite::CalculateActivationRangeQuantized(TfLiteContext*, TfLiteFusedActivation, TfLiteTensor*, long*, long*)
 *fill*         0x0000fa14        0x4 
 .text._ZN6tflite37PopulateConvolutionQuantizationParamsEP13TfLiteContextPK12TfLiteTensorS4_S4_PS2_RK21TfLiteFusedActivationPlPiS9_S9_S9_S9_i
                0x0000fa18      0x4d4 C:\Users\cesar\AppData\Local\Temp\micro_speech_MSP_EXP432P401R_nortos_gcc.out.3LU9Mx.ltrans1.ltrans.o
                0x0000fa18                tflite::PopulateConvolutionQuantizationParams(TfLiteContext*, TfLiteTensor const*, TfLiteTensor const*, TfLiteTensor const*, TfLiteTensor*, TfLiteFusedActivation const&, long*, int*, long*, long*, long*, long*, int)
 .text._ZN15kissfft_fixed16L15kf_bfly_genericEPNS_12kiss_fft_cpxEjPNS_14kiss_fft_stateEii.lto_priv.0
                0x0000feec       0x84 C:\Users\cesar\AppData\Local\Temp\micro_speech_MSP_EXP432P401R_nortos_gcc.out.3LU9Mx.ltrans1.ltrans.o
                0x0000feec                kissfft_fixed16::kf_bfly_generic(kissfft_fixed16::kiss_fft_cpx*, unsigned int, kissfft_fixed16::kiss_fft_state*, int, int) [clone .lto_priv.0]
 .text._ZN15kissfft_fixed16L8kf_bfly5EPNS_12kiss_fft_cpxEjPNS_14kiss_fft_stateEi.lto_priv.0
                0x0000ff70      0x3bc C:\Users\cesar\AppData\Local\Temp\micro_speech_MSP_EXP432P401R_nortos_gcc.out.3LU9Mx.ltrans1.ltrans.o
                0x0000ff70                kissfft_fixed16::kf_bfly5(kissfft_fixed16::kiss_fft_cpx*, unsigned int, kissfft_fixed16::kiss_fft_state*, int) [clone .lto_priv.0]
 *fill*         0x0001032c        0x4 
 .text.startup.main
                0x00010330     0x1de8 C:\Users\cesar\AppData\Local\Temp\micro_speech_MSP_EXP432P401R_nortos_gcc.out.3LU9Mx.ltrans1.ltrans.o
                0x00010330                main
 .text.Display_doOpen
                0x00012118       0x68 C:/ti/simplelink_msp432p4_sdk_3_40_01_02/source\ti/display/lib/display.am4fg(Display.om4fg)
                0x00012118                Display_doOpen
 .text.Display_doParamsInit
                0x00012180        0x8 C:/ti/simplelink_msp432p4_sdk_3_40_01_02/source\ti/display/lib/display.am4fg(Display.om4fg)
                0x00012180                Display_doParamsInit
 .text.Display_doPrintf
                0x00012188       0x24 C:/ti/simplelink_msp432p4_sdk_3_40_01_02/source\ti/display/lib/display.am4fg(Display.om4fg)
                0x00012188                Display_doPrintf
 .text.Display_doInit
                0x000121ac       0x2c C:/ti/simplelink_msp432p4_sdk_3_40_01_02/source\ti/display/lib/display.am4fg(Display.om4fg)
                0x000121ac                Display_doInit
 .text.DisplayUartMin_init
                0x000121d8        0x4 C:/ti/simplelink_msp432p4_sdk_3_40_01_02/source\ti/display/lib/display.am4fg(DisplayUart.om4fg)
                0x000121d8                DisplayUartMin_init
 .text.DisplayUartMin_clearLines
                0x000121dc        0x4 C:/ti/simplelink_msp432p4_sdk_3_40_01_02/source\ti/display/lib/display.am4fg(DisplayUart.om4fg)
                0x000121dc                DisplayUartMin_clearLines
 .text.DisplayUartMin_control
                0x000121e0        0x8 C:/ti/simplelink_msp432p4_sdk_3_40_01_02/source\ti/display/lib/display.am4fg(DisplayUart.om4fg)
                0x000121e0                DisplayUartMin_control
 .text.DisplayUartMin_getType
                0x000121e8        0x8 C:/ti/simplelink_msp432p4_sdk_3_40_01_02/source\ti/display/lib/display.am4fg(DisplayUart.om4fg)
                0x000121e8                DisplayUartMin_getType
 .text.DisplayUartMin_open
                0x000121f0       0x48 C:/ti/simplelink_msp432p4_sdk_3_40_01_02/source\ti/display/lib/display.am4fg(DisplayUart.om4fg)
                0x000121f0                DisplayUartMin_open
 .text.DisplayUartMin_vprintf
                0x00012238       0x4c C:/ti/simplelink_msp432p4_sdk_3_40_01_02/source\ti/display/lib/display.am4fg(DisplayUart.om4fg)
                0x00012238                DisplayUartMin_vprintf
 .text.DisplayUartMin_close
                0x00012284       0x18 C:/ti/simplelink_msp432p4_sdk_3_40_01_02/source\ti/display/lib/display.am4fg(DisplayUart.om4fg)
                0x00012284                DisplayUartMin_close
 .text.DisplayUartMin_clear
                0x0001229c        0x4 C:/ti/simplelink_msp432p4_sdk_3_40_01_02/source\ti/display/lib/display.am4fg(DisplayUart.om4fg)
                0x0001229c                DisplayUartMin_clear
 .text.LED_init
                0x000122a0        0x4 C:/ti/simplelink_msp432p4_sdk_3_40_01_02/source\ti/drivers/lib/drivers_msp432p401x.am4fg(LED.om4fg)
                0x000122a0                LED_init
 .text.LED_Params_init
                0x000122a4       0x14 C:/ti/simplelink_msp432p4_sdk_3_40_01_02/source\ti/drivers/lib/drivers_msp432p401x.am4fg(LED.om4fg)
                0x000122a4                LED_Params_init
 .text.LED_setBrightnessLevel
                0x000122b8       0x48 C:/ti/simplelink_msp432p4_sdk_3_40_01_02/source\ti/drivers/lib/drivers_msp432p401x.am4fg(LED.om4fg)
                0x000122b8                LED_setBrightnessLevel
 .text.LED_setOff
                0x00012300       0x3c C:/ti/simplelink_msp432p4_sdk_3_40_01_02/source\ti/drivers/lib/drivers_msp432p401x.am4fg(LED.om4fg)
                0x00012300                LED_setOff
 .text.LED_setOn
                0x0001233c       0x38 C:/ti/simplelink_msp432p4_sdk_3_40_01_02/source\ti/drivers/lib/drivers_msp432p401x.am4fg(LED.om4fg)
                0x0001233c                LED_setOn
 .text.LED_stopBlinking
                0x00012374       0x24 C:/ti/simplelink_msp432p4_sdk_3_40_01_02/source\ti/drivers/lib/drivers_msp432p401x.am4fg(LED.om4fg)
                0x00012374                LED_stopBlinking
 .text.LED_startBlinking
                0x00012398       0x74 C:/ti/simplelink_msp432p4_sdk_3_40_01_02/source\ti/drivers/lib/drivers_msp432p401x.am4fg(LED.om4fg)
                0x00012398                LED_startBlinking
 .text.LED_open
                0x0001240c      0x130 C:/ti/simplelink_msp432p4_sdk_3_40_01_02/source\ti/drivers/lib/drivers_msp432p401x.am4fg(LED.om4fg)
                0x0001240c                LED_open
 .text.LED_toggle
                0x0001253c       0x1c C:/ti/simplelink_msp432p4_sdk_3_40_01_02/source\ti/drivers/lib/drivers_msp432p401x.am4fg(LED.om4fg)
                0x0001253c                LED_toggle
 .text.clockTimeoutHandler
                0x00012558       0x38 C:/ti/simplelink_msp432p4_sdk_3_40_01_02/source\ti/drivers/lib/drivers_msp432p401x.am4fg(LED.om4fg)
 .text.ADCBuf_init
                0x00012590       0x4c C:/ti/simplelink_msp432p4_sdk_3_40_01_02/source\ti/drivers/lib/drivers_msp432p401x.am4fg(ADCBuf.om4fg)
                0x00012590                ADCBuf_init
 .text.ADCBuf_open
                0x000125dc       0x44 C:/ti/simplelink_msp432p4_sdk_3_40_01_02/source\ti/drivers/lib/drivers_msp432p401x.am4fg(ADCBuf.om4fg)
                0x000125dc                ADCBuf_open
 .text.ADCBuf_Params_init
                0x00012620       0x1c C:/ti/simplelink_msp432p4_sdk_3_40_01_02/source\ti/drivers/lib/drivers_msp432p401x.am4fg(ADCBuf.om4fg)
                0x00012620                ADCBuf_Params_init
 .text.ADCBuf_convert
                0x0001263c        0x8 C:/ti/simplelink_msp432p4_sdk_3_40_01_02/source\ti/drivers/lib/drivers_msp432p401x.am4fg(ADCBuf.om4fg)
                0x0001263c                ADCBuf_convert
 .text.ADCBuf_adjustRawValues
                0x00012644       0x10 C:/ti/simplelink_msp432p4_sdk_3_40_01_02/source\ti/drivers/lib/drivers_msp432p401x.am4fg(ADCBuf.om4fg)
                0x00012644                ADCBuf_adjustRawValues
 .text.ADCBufMSP432_adjustRawValues
                0x00012654        0x8 C:/ti/simplelink_msp432p4_sdk_3_40_01_02/source\ti/drivers/lib/drivers_msp432p401x.am4fg(ADCBufMSP432.om4fg)
                0x00012654                ADCBufMSP432_adjustRawValues
 .text.ADCBufMSP432_control
                0x0001265c       0xb4 C:/ti/simplelink_msp432p4_sdk_3_40_01_02/source\ti/drivers/lib/drivers_msp432p401x.am4fg(ADCBufMSP432.om4fg)
                0x0001265c                ADCBufMSP432_control
 .text.ADCBufMSP432_convertAdjustedToMicroVolts
                0x00012710       0x64 C:/ti/simplelink_msp432p4_sdk_3_40_01_02/source\ti/drivers/lib/drivers_msp432p401x.am4fg(ADCBufMSP432.om4fg)
                0x00012710                ADCBufMSP432_convertAdjustedToMicroVolts
 .text.ADCBufMSP432_getResolution
                0x00012774        0x4 C:/ti/simplelink_msp432p4_sdk_3_40_01_02/source\ti/drivers/lib/drivers_msp432p401x.am4fg(ADCBufMSP432.om4fg)
                0x00012774                ADCBufMSP432_getResolution
 .text.ADCBufMSP432_close
                0x00012778       0x74 C:/ti/simplelink_msp432p4_sdk_3_40_01_02/source\ti/drivers/lib/drivers_msp432p401x.am4fg(ADCBufMSP432.om4fg)
                0x00012778                ADCBufMSP432_close
 .text.blockingConvertCallback
                0x000127ec        0x8 C:/ti/simplelink_msp432p4_sdk_3_40_01_02/source\ti/drivers/lib/drivers_msp432p401x.am4fg(ADCBufMSP432.om4fg)
 .text.completeConversion
                0x000127f4       0x70 C:/ti/simplelink_msp432p4_sdk_3_40_01_02/source\ti/drivers/lib/drivers_msp432p401x.am4fg(ADCBufMSP432.om4fg)
 .text.ADCBufMSP432_convertCancel
                0x00012864       0x30 C:/ti/simplelink_msp432p4_sdk_3_40_01_02/source\ti/drivers/lib/drivers_msp432p401x.am4fg(ADCBufMSP432.om4fg)
                0x00012864                ADCBufMSP432_convertCancel
 .text.ADCBufMSP432_hwiIntFxn
                0x00012894       0xec C:/ti/simplelink_msp432p4_sdk_3_40_01_02/source\ti/drivers/lib/drivers_msp432p401x.am4fg(ADCBufMSP432.om4fg)
                0x00012894                ADCBufMSP432_hwiIntFxn
 .text.ADCBufMSP432DMA_hwiIntFxn
                0x00012980       0xbc C:/ti/simplelink_msp432p4_sdk_3_40_01_02/source\ti/drivers/lib/drivers_msp432p401x.am4fg(ADCBufMSP432.om4fg)
                0x00012980                ADCBufMSP432DMA_hwiIntFxn
 .text.ADCBufMSP432_init
                0x00012a3c       0x48 C:/ti/simplelink_msp432p4_sdk_3_40_01_02/source\ti/drivers/lib/drivers_msp432p401x.am4fg(ADCBufMSP432.om4fg)
                0x00012a3c                ADCBufMSP432_init
 .text.ADCBufMSP432_open
                0x00012a84      0x2c8 C:/ti/simplelink_msp432p4_sdk_3_40_01_02/source\ti/drivers/lib/drivers_msp432p401x.am4fg(ADCBufMSP432.om4fg)
                0x00012a84                ADCBufMSP432_open
 .text.ADCBufMSP432_convert
                0x00012d4c      0x45c C:/ti/simplelink_msp432p4_sdk_3_40_01_02/source\ti/drivers/lib/drivers_msp432p401x.am4fg(ADCBufMSP432.om4fg)
                0x00012d4c                ADCBufMSP432_convert
 .text.UDMAMSP432_hwiFxn
                0x000131a8       0x48 C:/ti/simplelink_msp432p4_sdk_3_40_01_02/source\ti/drivers/lib/drivers_msp432p401x.am4fg(UDMAMSP432.om4fg)
 .text.UDMAMSP432_close
                0x000131f0       0xc8 C:/ti/simplelink_msp432p4_sdk_3_40_01_02/source\ti/drivers/lib/drivers_msp432p401x.am4fg(UDMAMSP432.om4fg)
                0x000131f0                UDMAMSP432_close
 .text.UDMAMSP432_init
                0x000132b8       0x98 C:/ti/simplelink_msp432p4_sdk_3_40_01_02/source\ti/drivers/lib/drivers_msp432p401x.am4fg(UDMAMSP432.om4fg)
                0x000132b8                UDMAMSP432_init
 .text.UDMAMSP432_open